###############################################################################
#
# IAR ELF Linker V8.32.3.193/W32 for ARM                  26/Jun/2023  17:50:43
# Copyright 2007-2019 IAR Systems AB.
#
#    Output file  =  
#        C:\Users\nctur\Documents\Soft&Firmware\VCU\VCU related
#        file\17010_can_controller-master\app\Debug\Exe\c.out
#    Map file     =  
#        C:\Users\nctur\Documents\Soft&Firmware\VCU\VCU related
#        file\17010_can_controller-master\app\Debug\List\c.map
#    Command line =  
#        -f C:\Users\nctur\AppData\Local\Temp\EW8E9D.tmp
#        ("C:\Users\nctur\Documents\Soft&Firmware\VCU\VCU related
#        file\17010_can_controller-master\app\Debug\Obj\ad5593r.o"
#        "C:\Users\nctur\Documents\Soft&Firmware\VCU\VCU related
#        file\17010_can_controller-master\app\Debug\Obj\at24_eep.o"
#        "C:\Users\nctur\Documents\Soft&Firmware\VCU\VCU related
#        file\17010_can_controller-master\app\Debug\Obj\board.o"
#        "C:\Users\nctur\Documents\Soft&Firmware\VCU\VCU related
#        file\17010_can_controller-master\app\Debug\Obj\chcond.o"
#        "C:\Users\nctur\Documents\Soft&Firmware\VCU\VCU related
#        file\17010_can_controller-master\app\Debug\Obj\chcore.o"
#        "C:\Users\nctur\Documents\Soft&Firmware\VCU\VCU related
#        file\17010_can_controller-master\app\Debug\Obj\chcore_v7m.o"
#        "C:\Users\nctur\Documents\Soft&Firmware\VCU\VCU related
#        file\17010_can_controller-master\app\Debug\Obj\chcoreasm_v7m.o"
#        "C:\Users\nctur\Documents\Soft&Firmware\VCU\VCU related
#        file\17010_can_controller-master\app\Debug\Obj\chdebug.o"
#        "C:\Users\nctur\Documents\Soft&Firmware\VCU\VCU related
#        file\17010_can_controller-master\app\Debug\Obj\chdynamic.o"
#        "C:\Users\nctur\Documents\Soft&Firmware\VCU\VCU related
#        file\17010_can_controller-master\app\Debug\Obj\chevents.o"
#        "C:\Users\nctur\Documents\Soft&Firmware\VCU\VCU related
#        file\17010_can_controller-master\app\Debug\Obj\chheap.o"
#        "C:\Users\nctur\Documents\Soft&Firmware\VCU\VCU related
#        file\17010_can_controller-master\app\Debug\Obj\chmboxes.o"
#        "C:\Users\nctur\Documents\Soft&Firmware\VCU\VCU related
#        file\17010_can_controller-master\app\Debug\Obj\chmemcore.o"
#        "C:\Users\nctur\Documents\Soft&Firmware\VCU\VCU related
#        file\17010_can_controller-master\app\Debug\Obj\chmempools.o"
#        "C:\Users\nctur\Documents\Soft&Firmware\VCU\VCU related
#        file\17010_can_controller-master\app\Debug\Obj\chmsg.o"
#        "C:\Users\nctur\Documents\Soft&Firmware\VCU\VCU related
#        file\17010_can_controller-master\app\Debug\Obj\chmtx.o"
#        "C:\Users\nctur\Documents\Soft&Firmware\VCU\VCU related
#        file\17010_can_controller-master\app\Debug\Obj\chprintf.o"
#        "C:\Users\nctur\Documents\Soft&Firmware\VCU\VCU related
#        file\17010_can_controller-master\app\Debug\Obj\chregistry.o"
#        "C:\Users\nctur\Documents\Soft&Firmware\VCU\VCU related
#        file\17010_can_controller-master\app\Debug\Obj\chschd.o"
#        "C:\Users\nctur\Documents\Soft&Firmware\VCU\VCU related
#        file\17010_can_controller-master\app\Debug\Obj\chsem.o"
#        "C:\Users\nctur\Documents\Soft&Firmware\VCU\VCU related
#        file\17010_can_controller-master\app\Debug\Obj\chstats.o"
#        "C:\Users\nctur\Documents\Soft&Firmware\VCU\VCU related
#        file\17010_can_controller-master\app\Debug\Obj\chsys.o"
#        "C:\Users\nctur\Documents\Soft&Firmware\VCU\VCU related
#        file\17010_can_controller-master\app\Debug\Obj\chthreads.o"
#        "C:\Users\nctur\Documents\Soft&Firmware\VCU\VCU related
#        file\17010_can_controller-master\app\Debug\Obj\chtm.o"
#        "C:\Users\nctur\Documents\Soft&Firmware\VCU\VCU related
#        file\17010_can_controller-master\app\Debug\Obj\chtrace.o"
#        "C:\Users\nctur\Documents\Soft&Firmware\VCU\VCU related
#        file\17010_can_controller-master\app\Debug\Obj\chvt.o"
#        "C:\Users\nctur\Documents\Soft&Firmware\VCU\VCU related
#        file\17010_can_controller-master\app\Debug\Obj\cmsis_os.o"
#        "C:\Users\nctur\Documents\Soft&Firmware\VCU\VCU related
#        file\17010_can_controller-master\app\Debug\Obj\cstartup.o"
#        "C:\Users\nctur\Documents\Soft&Firmware\VCU\VCU related
#        file\17010_can_controller-master\app\Debug\Obj\digital_io.o"
#        "C:\Users\nctur\Documents\Soft&Firmware\VCU\VCU related
#        file\17010_can_controller-master\app\Debug\Obj\evtimer.o"
#        "C:\Users\nctur\Documents\Soft&Firmware\VCU\VCU related
#        file\17010_can_controller-master\app\Debug\Obj\hal.o"
#        "C:\Users\nctur\Documents\Soft&Firmware\VCU\VCU related
#        file\17010_can_controller-master\app\Debug\Obj\hal_adc.o"
#        "C:\Users\nctur\Documents\Soft&Firmware\VCU\VCU related
#        file\17010_can_controller-master\app\Debug\Obj\hal_adc_lld.o"
#        "C:\Users\nctur\Documents\Soft&Firmware\VCU\VCU related
#        file\17010_can_controller-master\app\Debug\Obj\hal_buffers.o"
#        "C:\Users\nctur\Documents\Soft&Firmware\VCU\VCU related
#        file\17010_can_controller-master\app\Debug\Obj\hal_can.o"
#        "C:\Users\nctur\Documents\Soft&Firmware\VCU\VCU related
#        file\17010_can_controller-master\app\Debug\Obj\hal_can_lld.o"
#        "C:\Users\nctur\Documents\Soft&Firmware\VCU\VCU related
#        file\17010_can_controller-master\app\Debug\Obj\hal_dac.o"
#        "C:\Users\nctur\Documents\Soft&Firmware\VCU\VCU related
#        file\17010_can_controller-master\app\Debug\Obj\hal_dac_lld.o"
#        "C:\Users\nctur\Documents\Soft&Firmware\VCU\VCU related
#        file\17010_can_controller-master\app\Debug\Obj\hal_ext.o"
#        "C:\Users\nctur\Documents\Soft&Firmware\VCU\VCU related
#        file\17010_can_controller-master\app\Debug\Obj\hal_ext_lld.o"
#        "C:\Users\nctur\Documents\Soft&Firmware\VCU\VCU related
#        file\17010_can_controller-master\app\Debug\Obj\hal_ext_lld_isr.o"
#        "C:\Users\nctur\Documents\Soft&Firmware\VCU\VCU related
#        file\17010_can_controller-master\app\Debug\Obj\hal_gpt.o"
#        "C:\Users\nctur\Documents\Soft&Firmware\VCU\VCU related
#        file\17010_can_controller-master\app\Debug\Obj\hal_gpt_lld.o"
#        "C:\Users\nctur\Documents\Soft&Firmware\VCU\VCU related
#        file\17010_can_controller-master\app\Debug\Obj\hal_i2c.o"
#        "C:\Users\nctur\Documents\Soft&Firmware\VCU\VCU related
#        file\17010_can_controller-master\app\Debug\Obj\hal_i2c_lld.o"
#        "C:\Users\nctur\Documents\Soft&Firmware\VCU\VCU related
#        file\17010_can_controller-master\app\Debug\Obj\hal_i2s.o"
#        "C:\Users\nctur\Documents\Soft&Firmware\VCU\VCU related
#        file\17010_can_controller-master\app\Debug\Obj\hal_i2s_lld.o"
#        "C:\Users\nctur\Documents\Soft&Firmware\VCU\VCU related
#        file\17010_can_controller-master\app\Debug\Obj\hal_icu.o"
#        "C:\Users\nctur\Documents\Soft&Firmware\VCU\VCU related
#        file\17010_can_controller-master\app\Debug\Obj\hal_icu_lld.o"
#        "C:\Users\nctur\Documents\Soft&Firmware\VCU\VCU related
#        file\17010_can_controller-master\app\Debug\Obj\hal_lld.o"
#        "C:\Users\nctur\Documents\Soft&Firmware\VCU\VCU related
#        file\17010_can_controller-master\app\Debug\Obj\hal_mac.o"
#        "C:\Users\nctur\Documents\Soft&Firmware\VCU\VCU related
#        file\17010_can_controller-master\app\Debug\Obj\hal_mac_lld.o"
#        "C:\Users\nctur\Documents\Soft&Firmware\VCU\VCU related
#        file\17010_can_controller-master\app\Debug\Obj\hal_mmc_spi.o"
#        "C:\Users\nctur\Documents\Soft&Firmware\VCU\VCU related
#        file\17010_can_controller-master\app\Debug\Obj\hal_mmcsd.o"
#        "C:\Users\nctur\Documents\Soft&Firmware\VCU\VCU related
#        file\17010_can_controller-master\app\Debug\Obj\hal_pal.o"
#        "C:\Users\nctur\Documents\Soft&Firmware\VCU\VCU related
#        file\17010_can_controller-master\app\Debug\Obj\hal_pal_lld.o"
#        "C:\Users\nctur\Documents\Soft&Firmware\VCU\VCU related
#        file\17010_can_controller-master\app\Debug\Obj\hal_pwm.o"
#        "C:\Users\nctur\Documents\Soft&Firmware\VCU\VCU related
#        file\17010_can_controller-master\app\Debug\Obj\hal_pwm_lld.o"
#        "C:\Users\nctur\Documents\Soft&Firmware\VCU\VCU related
#        file\17010_can_controller-master\app\Debug\Obj\hal_qspi.o"
#        "C:\Users\nctur\Documents\Soft&Firmware\VCU\VCU related
#        file\17010_can_controller-master\app\Debug\Obj\hal_queues.o"
#        "C:\Users\nctur\Documents\Soft&Firmware\VCU\VCU related
#        file\17010_can_controller-master\app\Debug\Obj\hal_rtc.o"
#        "C:\Users\nctur\Documents\Soft&Firmware\VCU\VCU related
#        file\17010_can_controller-master\app\Debug\Obj\hal_rtc_lld.o"
#        "C:\Users\nctur\Documents\Soft&Firmware\VCU\VCU related
#        file\17010_can_controller-master\app\Debug\Obj\hal_sdc.o"
#        "C:\Users\nctur\Documents\Soft&Firmware\VCU\VCU related
#        file\17010_can_controller-master\app\Debug\Obj\hal_sdc_lld.o"
#        "C:\Users\nctur\Documents\Soft&Firmware\VCU\VCU related
#        file\17010_can_controller-master\app\Debug\Obj\hal_serial.o"
#        "C:\Users\nctur\Documents\Soft&Firmware\VCU\VCU related
#        file\17010_can_controller-master\app\Debug\Obj\hal_serial_lld.o"
#        "C:\Users\nctur\Documents\Soft&Firmware\VCU\VCU related
#        file\17010_can_controller-master\app\Debug\Obj\hal_serial_usb.o"
#        "C:\Users\nctur\Documents\Soft&Firmware\VCU\VCU related
#        file\17010_can_controller-master\app\Debug\Obj\hal_spi.o"
#        "C:\Users\nctur\Documents\Soft&Firmware\VCU\VCU related
#        file\17010_can_controller-master\app\Debug\Obj\hal_spi_lld.o"
#        "C:\Users\nctur\Documents\Soft&Firmware\VCU\VCU related
#        file\17010_can_controller-master\app\Debug\Obj\hal_st.o"
#        "C:\Users\nctur\Documents\Soft&Firmware\VCU\VCU related
#        file\17010_can_controller-master\app\Debug\Obj\hal_st_lld.o"
#        "C:\Users\nctur\Documents\Soft&Firmware\VCU\VCU related
#        file\17010_can_controller-master\app\Debug\Obj\hal_uart.o"
#        "C:\Users\nctur\Documents\Soft&Firmware\VCU\VCU related
#        file\17010_can_controller-master\app\Debug\Obj\hal_uart_lld.o"
#        "C:\Users\nctur\Documents\Soft&Firmware\VCU\VCU related
#        file\17010_can_controller-master\app\Debug\Obj\hal_usb.o"
#        "C:\Users\nctur\Documents\Soft&Firmware\VCU\VCU related
#        file\17010_can_controller-master\app\Debug\Obj\hal_usb_lld.o"
#        "C:\Users\nctur\Documents\Soft&Firmware\VCU\VCU related
#        file\17010_can_controller-master\app\Debug\Obj\hal_wdg.o"
#        "C:\Users\nctur\Documents\Soft&Firmware\VCU\VCU related
#        file\17010_can_controller-master\app\Debug\Obj\main.o"
#        "C:\Users\nctur\Documents\Soft&Firmware\VCU\VCU related
#        file\17010_can_controller-master\app\Debug\Obj\memstreams.o"
#        "C:\Users\nctur\Documents\Soft&Firmware\VCU\VCU related
#        file\17010_can_controller-master\app\Debug\Obj\mrxx.o"
#        "C:\Users\nctur\Documents\Soft&Firmware\VCU\VCU related
#        file\17010_can_controller-master\app\Debug\Obj\ntc.o"
#        "C:\Users\nctur\Documents\Soft&Firmware\VCU\VCU related
#        file\17010_can_controller-master\app\Debug\Obj\nullstreams.o"
#        "C:\Users\nctur\Documents\Soft&Firmware\VCU\VCU related
#        file\17010_can_controller-master\app\Debug\Obj\nvic.o"
#        "C:\Users\nctur\Documents\Soft&Firmware\VCU\VCU related
#        file\17010_can_controller-master\app\Debug\Obj\osal.o"
#        "C:\Users\nctur\Documents\Soft&Firmware\VCU\VCU related
#        file\17010_can_controller-master\app\Debug\Obj\peripheral_if.o"
#        "C:\Users\nctur\Documents\Soft&Firmware\VCU\VCU related
#        file\17010_can_controller-master\app\Debug\Obj\shell.o"
#        "C:\Users\nctur\Documents\Soft&Firmware\VCU\VCU related
#        file\17010_can_controller-master\app\Debug\Obj\shell_cmd.o"
#        "C:\Users\nctur\Documents\Soft&Firmware\VCU\VCU related
#        file\17010_can_controller-master\app\Debug\Obj\stm32_dma.o"
#        "C:\Users\nctur\Documents\Soft&Firmware\VCU\VCU related
#        file\17010_can_controller-master\app\Debug\Obj\sysParam.o"
#        "C:\Users\nctur\Documents\Soft&Firmware\VCU\VCU related
#        file\17010_can_controller-master\app\Debug\Obj\vectors.o"
#        "C:\Users\nctur\Documents\Soft&Firmware\VCU\VCU related
#        file\17010_can_controller-master\app\Debug\Obj\vmu.o"
#        --no_out_extension -o "C:\Users\nctur\Documents\Soft&Firmware\VCU\VCU
#        related file\17010_can_controller-master\app\Debug\Exe\c.out"
#        --redirect _Printf=_PrintfFullNoMb --redirect _Scanf=_ScanfFullNoMb
#        --map "C:\Users\nctur\Documents\Soft&Firmware\VCU\VCU related
#        file\17010_can_controller-master\app\Debug\List\c.map" --log
#        modules,call_graph --log_file
#        "C:\Users\nctur\Documents\Soft&Firmware\VCU\VCU related
#        file\17010_can_controller-master\app\Debug\List\c.log" --config
#        "C:\Users\nctur\Documents\Soft&Firmware\VCU\VCU related
#        file\17010_can_controller-master\ch_stm32f407.icf" --semihosting
#        --entry __iar_program_start --vfe --text_out locale)
#
###############################################################################

*******************************************************************************
*** RUNTIME MODEL ATTRIBUTES
***

CppFlavor       = *
__Heap_Handler  = Basic
__SystemLibrary = DLib
__dlib_version  = 6


*******************************************************************************
*** HEAP SELECTION
***

The basic heap was selected because no calls to memory allocation
functions were found in the application outside of system library
functions, and there are calls to deallocation functions in the
application.


*******************************************************************************
*** PLACEMENT SUMMARY
***

"A0":  place at 0x800'0000 { ro section .intvec };
"P1":  place in [from 0x800'0000 to 0x807'ffff] { ro };
define block IRQSTACK with fixed order, size = 1K, alignment = 8 { };
"A1":  place at start of [from 0x2000'0000 to 0x2001'ffff] { block IRQSTACK };
define block CSTACK
   with fixed order, size = 2K, alignment = 8 { section CSTACK };
"P2":  place in [from 0x2000'0000 to 0x2001'ffff] { block CSTACK };
define block DATABSS with fixed order, alignment = 8 { rw, zi };
"P3":  place in [from 0x2000'0000 to 0x2001'ffff] { block DATABSS };
define block HEAP with fixed order, size = 3K, alignment = 8 { section HEAP };
"P4":  place in [from 0x2000'0000 to 0x2001'ffff] { block HEAP };
define block SYSHEAP with alignment = 8 { section SYSHEAP };
"A2":  place at end of [from 0x2000'0000 to 0x2001'ffff] { block SYSHEAP };
initialize by copy { rw };
keep { section .intvec };

No sections matched the following patterns:

  section CSTACK  in block CSTACK


  Section            Kind         Address    Size  Object
  -------            ----         -------    ----  ------
"A0":                                       0x1e0
  .intvec            ro code   0x800'0000   0x1e0  vectors.o [1]
                             - 0x800'01e0   0x1e0

"P1":                                      0xb0bc
  .text              ro code   0x800'01e0   0xdf2  xprintffull_nomb.o [2]
  .text              ro code   0x800'0fd2    0x7a  lz77_init_single.o [4]
  .text              ro code   0x800'104c    0x16  strchr.o [4]
  .text              ro code   0x800'1062    0x3a  zero_init3.o [4]
  .text              ro code   0x800'109c    0x40  xfail_s.o [2]
  .text              ro code   0x800'10dc    0x36  strlen.o [4]
  .text              ro code   0x800'1112     0xa  xsprout.o [2]
  .text              ro code   0x800'111c    0x58  memchr.o [4]
  .text              ro code   0x800'1174   0x230  I64DivMod.o [4]
  .text              ro code   0x800'13a4   0x1a2  DblMul.o [3]
  .rodata            const     0x800'1546     0x2  hal_spi_lld.o [1]
  .text              ro code   0x800'1548    0xa6  ABImemcpy.o [4]
  .text              ro code   0x800'15ee     0x2  vectors.o [1]
  .text              ro code   0x800'15f0    0x70  frexp.o [3]
  .text              ro code   0x800'1660    0x2e  DblCmpLe.o [3]
  .text              ro code   0x800'1690    0x2e  DblCmpGe.o [3]
  .text              ro code   0x800'16c0   0x13a  ldexp.o [3]
  .text              ro code   0x800'17fc    0x3a  DblToS32.o [3]
  .text              ro code   0x800'1838    0x22  S32ToDbl.o [3]
  .text              ro code   0x800'185c    0xe2  DblSub.o [3]
  .text              ro code   0x800'1940   0x246  DblDiv.o [3]
  .text              ro code   0x800'1b88    0x28  DblToU32.o [3]
  .text              ro code   0x800'1bb0    0x1a  U32ToDbl.o [3]
  .text              ro code   0x800'1bca     0x6  abort.o [2]
  .text              ro code   0x800'1bd0     0x2  I64DivZer.o [4]
  .text              ro code   0x800'1bd4   0x17a  DblAdd.o [3]
  .text              ro code   0x800'1d50    0x14  exit.o [5]
  .text              ro code   0x800'1d64   0xa88  vmu.o [1]
  .text              ro code   0x800'27ec   0x16c  chevents.o [1]
  .text              ro code   0x800'2958   0x218  hal_can.o [1]
  .text              ro code   0x800'2b70     0xc  memcpy.o [4]
  .text              ro code   0x800'2b7c   0x4bc  chprintf.o [1]
  .text              ro code   0x800'3038   0x260  ad5593r.o [1]
  .text              ro code   0x800'3298   0x104  ntc.o [1]
  .text              ro code   0x800'339c   0x4a6  chthreads.o [1]
  .text              ro code   0x800'3844    0xe0  digital_io.o [1]
  .text              ro code   0x800'3924    0xb4  hal_ext.o [1]
  .text              ro code   0x800'39d8   0x204  hal_serial.o [1]
  .text              ro code   0x800'3bdc   0x194  hal_spi.o [1]
  .text              ro code   0x800'3d70    0x70  mrxx.o [1]
  .text              ro code   0x800'3de0    0x82  iar_Stolx.o [2]
  .text              ro code   0x800'3e62    0x28  strncmp.o [2]
  .text              ro code   0x800'3e8c   0x3f8  hal_queues.o [1]
  .text              ro code   0x800'4284   0x148  hal_rtc.o [1]
  .text              ro code   0x800'43cc   0x150  iar_Stoulx.o [2]
  .text              ro code   0x800'451c    0x1e  math_wrappers64.o [3]
  .text              ro code   0x800'453c    0x68  floor.o [3]
  .text              ro code   0x800'45a4    0x16  vla_alloc.o [2]
  .text              ro code   0x800'45bc    0x40  sprintf.o [2]
  .text              ro code   0x800'45fc    0xb0  chstats.o [1]
  .text              ro code   0x800'46ac   0x14c  chdebug.o [1]
  .text              ro code   0x800'47f8   0x2ee  chsys.o [1]
  .text              ro code   0x800'4ae8   0x31c  chschd.o [1]
  .text              ro code   0x800'4e04   0x7e0  hal_can_lld.o [1]
  .text              ro code   0x800'55e4    0x68  DblToFlt.o [3]
  .text              ro code   0x800'564c    0x48  FltToDbl.o [3]
  .text              ro code   0x800'5694    0xe4  memstreams.o [1]
  .text              ro code   0x800'5778   0x210  hal_i2c.o [1]
  .text              ro code   0x800'5988    0xcc  chtm.o [1]
  .text              ro code   0x800'5a54    0xdc  chregistry.o [1]
  .text              ro code   0x800'5b30   0x13c  chheap.o [1]
  .text              ro code   0x800'5c6c    0x90  chmempools.o [1]
  .text              ro code   0x800'5cfc   0x144  hal_ext_lld.o [1]
  .text              ro code   0x800'5e40   0x39c  hal_serial_lld.o [1]
  .text              ro code   0x800'61dc   0x234  chmtx.o [1]
  .text              ro code   0x800'6410   0x384  hal_spi_lld.o [1]
  .text              ro code   0x800'6794   0x328  hal_rtc_lld.o [1]
  .text              ro code   0x800'6abc   0x322  logx64.o [3]
  .text              ro code   0x800'6de0   0x140  heap0.o [2]
  .text              ro code   0x800'6f20     0x4  heaptramp0.o [2]
  .text              ro code   0x800'6f24    0x84  hal_st.o [1]
  .text              ro code   0x800'6fa8   0x1e4  chvt.o [1]
  .text              ro code   0x800'718c    0xe8  chmemcore.o [1]
  .text              ro code   0x800'7274    0x48  chcoreasm_v7m.o [1]
  .text              ro code   0x800'72bc    0x98  chcore_v7m.o [1]
  .text              ro code   0x800'7354    0x5c  nvic.o [1]
  .text              ro code   0x800'73b0   0x930  hal_i2c_lld.o [1]
  .text              ro code   0x800'7ce0   0x3d0  hal_ext_lld_isr.o [1]
  .text              ro code   0x800'80b0   0x4c0  stm32_dma.o [1]
  .text              ro code   0x800'8570    0x2c  xgetmemchunk.o [2]
  .text              ro code   0x800'859c   0x104  hal_st_lld.o [1]
  .text              ro code   0x800'86a0   0x7d0  hal_sdc.o [1]
  .text              ro code   0x800'8e70   0x7ba  hal_sdc_lld.o [1]
  .text              ro code   0x800'962c   0x104  hal_mmcsd.o [1]
  .text              ro code   0x800'9730   0x324  shell.o [1]
  .text              ro code   0x800'9a54    0x22  strspn.o [2]
  .text              ro code   0x800'9a76    0x28  strpbrk.o [2]
  .text              ro code   0x800'9aa0    0x12  strcmp.o [4]
  .text              ro code   0x800'9ab4   0x2b0  shell_cmd.o [1]
  .text              ro code   0x800'9d64   0x1a8  hal_lld.o [1]
  .rodata            const     0x800'9f0c    0xfc  board.o [1]
  .rodata            const     0x800'a008    0xc0  stm32_dma.o [1]
  .text              ro code   0x800'a0c8    0xbc  hal_pal_lld.o [1]
  .rodata            const     0x800'a184    0xb8  vmu.o [1]
  .text              ro code   0x800'a23c    0x90  cstartup.o [1]
  .text              ro code   0x800'a2cc    0x16  board.o [1]
  .text              ro code   0x800'a2e4    0x22  fpinit_M.o [3]
  .text              ro code   0x800'a308    0x1e  cmain.o [4]
  .text              ro code   0x800'a326     0x4  low_level_init.o [2]
  .text              ro code   0x800'a32c    0x28  data_init.o [4]
  .text              ro code   0x800'a354    0x1c  main.o [1]
  .text              ro code   0x800'a370     0x4  exit.o [2]
  .text              ro code   0x800'a374    0x40  hal.o [1]
  .text              ro code   0x800'a3b4     0xa  cexit.o [4]
  .text              ro code   0x800'a3c0    0x12  hal_gpt.o [1]
  .text              ro code   0x800'a3d4    0x6e  hal_gpt_lld.o [1]
  .text              ro code   0x800'a444    0x58  peripheral_if.o [1]
  .rodata            const     0x800'a49c    0x50  iar_Stoulx.o [2]
  .rodata            const     0x800'a4ec    0x48  vmu.o [1]
  .rodata            const     0x800'a534    0x40  shell_cmd.o [1]
  .rodata            const     0x800'a574    0x40  vmu.o [1]
  .rodata            const     0x800'a5b4    0x38  shell_cmd.o [1]
  .rodata            const     0x800'a5ec    0x30  vmu.o [1]
  .rodata            const     0x800'a61c    0x2c  shell_cmd.o [1]
  .rodata            const     0x800'a648    0x2c  vmu.o [1]
  .rodata            const     0x800'a674    0x2c  vmu.o [1]
  .rodata            const     0x800'a6a0    0x28  shell_cmd.o [1]
  .rodata            const     0x800'a6c8    0x28  vmu.o [1]
  .rodata            const     0x800'a6f0    0x24  chprintf.o [1]
  .rodata            const     0x800'a714    0x24  vmu.o [1]
  .iar.init_table    const     0x800'a738    0x20  - Linker created -
  .rodata            const     0x800'a758    0x20  chmemcore.o [1]
  .rodata            const     0x800'a778    0x20  hal_sdc.o [1]
  .rodata            const     0x800'a798    0x20  hal_serial.o [1]
  .rodata            const     0x800'a7b8    0x20  shell_cmd.o [1]
  .rodata            const     0x800'a7d8    0x20  shell_cmd.o [1]
  .rodata            const     0x800'a7f8    0x20  shell_cmd.o [1]
  .rodata            const     0x800'a818    0x20  vmu.o [1]
  .rodata            const     0x800'a838    0x1c  chevents.o [1]
  .rodata            const     0x800'a854    0x1c  hal_i2c.o [1]
  .rodata            const     0x800'a870    0x1c  hal_sdc_lld.o [1]
  .rodata            const     0x800'a88c    0x18  chevents.o [1]
  .rodata            const     0x800'a8a4    0x18  chregistry.o [1]
  .rodata            const     0x800'a8bc    0x18  chsys.o [1]
  .rodata            const     0x800'a8d4    0x18  chthreads.o [1]
  .rodata            const     0x800'a8ec    0x18  chthreads.o [1]
  .rodata            const     0x800'a904    0x18  hal_mmcsd.o [1]
  .rodata            const     0x800'a91c    0x18  hal_sdc_lld.o [1]
  .rodata            const     0x800'a934    0x18  hal_sdc_lld.o [1]
  .rodata            const     0x800'a94c    0x18  shell.o [1]
  .rodata            const     0x800'a964    0x18  shell_cmd.o [1]
  .rodata            const     0x800'a97c    0x18  shell_cmd.o [1]
  .rodata            const     0x800'a994    0x18  shell_cmd.o [1]
  .rodata            const     0x800'a9ac    0x14  chschd.o [1]
  .rodata            const     0x800'a9c0    0x14  chthreads.o [1]
  .rodata            const     0x800'a9d4    0x14  chthreads.o [1]
  .rodata            const     0x800'a9e8    0x14  hal_can.o [1]
  .rodata            const     0x800'a9fc    0x14  hal_can.o [1]
  .rodata            const     0x800'aa10    0x14  hal_i2c_lld.o [1]
  .rodata            const     0x800'aa24    0x14  hal_mmcsd.o [1]
  .rodata            const     0x800'aa38    0x14  hal_mmcsd.o [1]
  .rodata            const     0x800'aa4c    0x14  hal_sdc.o [1]
  .rodata            const     0x800'aa60    0x14  hal_sdc.o [1]
  .rodata            const     0x800'aa74    0x14  hal_sdc.o [1]
  .rodata            const     0x800'aa88    0x14  shell.o [1]
  .rodata            const     0x800'aa9c    0x14  shell_cmd.o [1]
  .rodata            const     0x800'aab0    0x14  shell_cmd.o [1]
  .rodata            const     0x800'aac4    0x14  shell_cmd.o [1]
  .rodata            const     0x800'aad8    0x14  shell_cmd.o [1]
  .rodata            const     0x800'aaec    0x14  shell_cmd.o [1]
  .rodata            const     0x800'ab00    0x14  shell_cmd.o [1]
  .rodata            const     0x800'ab14    0x14  shell_cmd.o [1]
  .rodata            const     0x800'ab28    0x14  stm32_dma.o [1]
  .rodata            const     0x800'ab3c    0x14  stm32_dma.o [1]
  .rodata            const     0x800'ab50    0x14  vmu.o [1]
  .rodata            const     0x800'ab64    0x10  ad5593r.o [1]
  .rodata            const     0x800'ab74    0x10  ad5593r.o [1]
  .rodata            const     0x800'ab84    0x10  chevents.o [1]
  .rodata            const     0x800'ab94    0x10  chmtx.o [1]
  .rodata            const     0x800'aba4    0x10  chregistry.o [1]
  .rodata            const     0x800'abb4    0x10  chschd.o [1]
  .rodata            const     0x800'abc4    0x10  chthreads.o [1]
  .rodata            const     0x800'abd4    0x10  chthreads.o [1]
  .rodata            const     0x800'abe4    0x10  chthreads.o [1]
  .rodata            const     0x800'abf4    0x10  chvt.o [1]
  .rodata            const     0x800'ac04    0x10  hal_can_lld.o [1]
  .rodata            const     0x800'ac14    0x10  hal_i2c.o [1]
  .rodata            const     0x800'ac24    0x10  hal_i2c.o [1]
  .rodata            const     0x800'ac34    0x10  hal_i2c.o [1]
  .rodata            const     0x800'ac44    0x10  hal_i2c_lld.o [1]
  .rodata            const     0x800'ac54    0x10  hal_queues.o [1]
  .rodata            const     0x800'ac64    0x10  hal_queues.o [1]
  .rodata            const     0x800'ac74    0x10  hal_sdc.o [1]
  .rodata            const     0x800'ac84    0x10  hal_serial.o [1]
  .rodata            const     0x800'ac94    0x10  hal_spi_lld.o [1]
  .rodata            const     0x800'aca4    0x10  hal_spi_lld.o [1]
  .rodata            const     0x800'acb4    0x10  hal_spi_lld.o [1]
  .rodata            const     0x800'acc4    0x10  hal_st.o [1]
  .rodata            const     0x800'acd4    0x10  memstreams.o [1]
  .rodata            const     0x800'ace4    0x10  shell.o [1]
  .rodata            const     0x800'acf4    0x10  shell_cmd.o [1]
  .rodata            const     0x800'ad04    0x10  vmu.o [1]
  .rodata            const     0x800'ad14    0x10  vmu.o [1]
  .rodata            const     0x800'ad24    0x10  vmu.o [1]
  .rodata            const     0x800'ad34    0x10  vmu.o [1]
  .rodata            const     0x800'ad44    0x10  vmu.o [1]
  .rodata            const     0x800'ad54     0xc  chevents.o [1]
  .rodata            const     0x800'ad60     0xc  chheap.o [1]
  .rodata            const     0x800'ad6c     0xc  chmemcore.o [1]
  .rodata            const     0x800'ad78     0xc  chmempools.o [1]
  .rodata            const     0x800'ad84     0xc  chmempools.o [1]
  .rodata            const     0x800'ad90     0xc  chmtx.o [1]
  .rodata            const     0x800'ad9c     0xc  chmtx.o [1]
  .rodata            const     0x800'ada8     0xc  chmtx.o [1]
  .rodata            const     0x800'adb4     0xc  chregistry.o [1]
  .rodata            const     0x800'adc0     0xc  chschd.o [1]
  .rodata            const     0x800'adcc     0xc  chsys.o [1]
  .rodata            const     0x800'add8     0xc  chsys.o [1]
  .rodata            const     0x800'ade4     0xc  chthreads.o [1]
  .rodata            const     0x800'adf0     0xc  chthreads.o [1]
  .rodata            const     0x800'adfc     0xc  chthreads.o [1]
  .rodata            const     0x800'ae08     0xc  chthreads.o [1]
  .rodata            const     0x800'ae14     0xc  chvt.o [1]
  .rodata            const     0x800'ae20     0xc  hal_can.o [1]
  .rodata            const     0x800'ae2c     0xc  hal_can.o [1]
  .rodata            const     0x800'ae38     0xc  hal_can_lld.o [1]
  .rodata            const     0x800'ae44     0xc  hal_ext.o [1]
  .rodata            const     0x800'ae50     0xc  hal_ext.o [1]
  .rodata            const     0x800'ae5c     0xc  hal_i2c.o [1]
  .rodata            const     0x800'ae68     0xc  hal_i2c.o [1]
  .rodata            const     0x800'ae74     0xc  hal_i2c_lld.o [1]
  .rodata            const     0x800'ae80     0xc  hal_i2c_lld.o [1]
  .rodata            const     0x800'ae8c     0xc  hal_queues.o [1]
  .rodata            const     0x800'ae98     0xc  hal_rtc.o [1]
  .rodata            const     0x800'aea4     0xc  hal_rtc.o [1]
  .rodata            const     0x800'aeb0     0xc  hal_sdc.o [1]
  .rodata            const     0x800'aebc     0xc  hal_sdc.o [1]
  .rodata            const     0x800'aec8     0xc  hal_sdc.o [1]
  .rodata            const     0x800'aed4     0xc  hal_sdc.o [1]
  .rodata            const     0x800'aee0     0xc  hal_sdc_lld.o [1]
  .rodata            const     0x800'aeec     0xc  hal_serial.o [1]
  .rodata            const     0x800'aef8     0xc  hal_serial_lld.o [1]
  .rodata            const     0x800'af04     0xc  hal_spi.o [1]
  .rodata            const     0x800'af10     0xc  hal_spi.o [1]
  .rodata            const     0x800'af1c     0xc  hal_spi.o [1]
  .rodata            const     0x800'af28     0xc  hal_spi_lld.o [1]
  .rodata            const     0x800'af34     0xc  hal_st.o [1]
  .rodata            const     0x800'af40     0xc  shell.o [1]
  .rodata            const     0x800'af4c     0xc  shell_cmd.o [1]
  .rodata            const     0x800'af58     0xc  shell_cmd.o [1]
  .rodata            const     0x800'af64     0xc  shell_cmd.o [1]
  .rodata            const     0x800'af70     0xc  shell_cmd.o [1]
  .rodata            const     0x800'af7c     0xc  shell_cmd.o [1]
  .rodata            const     0x800'af88     0xc  shell_cmd.o [1]
  .rodata            const     0x800'af94     0xc  shell_cmd.o [1]
  .rodata            const     0x800'afa0     0xc  shell_cmd.o [1]
  .rodata            const     0x800'afac     0xc  shell_cmd.o [1]
  .rodata            const     0x800'afb8     0xc  vmu.o [1]
  .rodata            const     0x800'afc4     0xc  vmu.o [1]
  .rodata            const     0x800'afd0     0xc  vmu.o [1]
  .rodata            const     0x800'afdc     0xc  vmu.o [1]
  .rodata            const     0x800'afe8     0xc  vmu.o [1]
  .rodata            const     0x800'aff4     0xc  vmu.o [1]
  .rodata            const     0x800'b000     0xc  vmu.o [1]
  .rodata            const     0x800'b00c     0xc  vmu.o [1]
  .rodata            const     0x800'b018     0x8  ad5593r.o [1]
  .rodata            const     0x800'b020     0x8  chdebug.o [1]
  .rodata            const     0x800'b028     0x8  chdebug.o [1]
  .rodata            const     0x800'b030     0x8  chdebug.o [1]
  .rodata            const     0x800'b038     0x8  chdebug.o [1]
  .rodata            const     0x800'b040     0x8  chdebug.o [1]
  .rodata            const     0x800'b048     0x8  chdebug.o [1]
  .rodata            const     0x800'b050     0x8  chdebug.o [1]
  .rodata            const     0x800'b058     0x8  chdebug.o [1]
  .rodata            const     0x800'b060     0x8  chdebug.o [1]
  .rodata            const     0x800'b068     0x8  chprintf.o [1]
  .rodata            const     0x800'b070     0x8  chsys.o [1]
  .rodata            const     0x800'b078     0x8  chthreads.o [1]
  .rodata            const     0x800'b080     0x8  hal_i2c.o [1]
  .rodata            const     0x800'b088     0x8  hal_sdc.o [1]
  .rodata            const     0x800'b090     0x8  hal_sdc.o [1]
  .rodata            const     0x800'b098     0x8  hal_serial.o [1]
  .rodata            const     0x800'b0a0     0x8  hal_spi.o [1]
  .rodata            const     0x800'b0a8     0x8  shell.o [1]
  .rodata            const     0x800'b0b0     0x8  shell.o [1]
  .rodata            const     0x800'b0b8     0x8  shell.o [1]
  .rodata            const     0x800'b0c0     0x8  shell.o [1]
  .rodata            const     0x800'b0c8     0x8  shell_cmd.o [1]
  .rodata            const     0x800'b0d0     0x8  shell_cmd.o [1]
  .rodata            const     0x800'b0d8     0x8  shell_cmd.o [1]
  .rodata            const     0x800'b0e0     0x8  shell_cmd.o [1]
  .rodata            const     0x800'b0e8     0x8  shell_cmd.o [1]
  .rodata            const     0x800'b0f0     0x8  shell_cmd.o [1]
  .rodata            const     0x800'b0f8     0x8  shell_cmd.o [1]
  .rodata            const     0x800'b100     0x8  shell_cmd.o [1]
  .rodata            const     0x800'b108     0x8  shell_cmd.o [1]
  .rodata            const     0x800'b110     0x8  shell_cmd.o [1]
  .rodata            const     0x800'b118     0x8  shell_cmd.o [1]
  .rodata            const     0x800'b120     0x8  shell_cmd.o [1]
  .rodata            const     0x800'b128     0x8  shell_cmd.o [1]
  .rodata            const     0x800'b130     0x8  shell_cmd.o [1]
  .rodata            const     0x800'b138     0x8  shell_cmd.o [1]
  .rodata            const     0x800'b140     0x8  shell_cmd.o [1]
  .rodata            const     0x800'b148     0x8  shell_cmd.o [1]
  .rodata            const     0x800'b150     0x8  shell_cmd.o [1]
  .rodata            const     0x800'b158     0x8  shell_cmd.o [1]
  .rodata            const     0x800'b160     0x8  shell_cmd.o [1]
  .rodata            const     0x800'b168     0x8  shell_cmd.o [1]
  .rodata            const     0x800'b170     0x8  vmu.o [1]
  .rodata            const     0x800'b178     0x8  vmu.o [1]
  .rodata            const     0x800'b180     0x8  vmu.o [1]
  .rodata            const     0x800'b188     0x8  vmu.o [1]
  .rodata            const     0x800'b190     0x8  vmu.o [1]
  .rodata            const     0x800'b198     0x8  vmu.o [1]
  .rodata            const     0x800'b1a0     0x8  vmu.o [1]
  .rodata            const     0x800'b1a8     0x8  vmu.o [1]
  .rodata            const     0x800'b1b0     0x8  vmu.o [1]
  .rodata            const     0x800'b1b8     0x4  shell_cmd.o [1]
  .rodata            const     0x800'b1bc     0x4  vmu.o [1]
  .rodata            const     0x800'b1c0     0x4  vmu.o [1]
  .rodata            const     0x800'b1c4     0x4  vmu.o [1]
  .rodata            const     0x800'b1c8     0x0  zero_init3.o [4]
  .rodata            const     0x800'b1c8     0x0  lz77_init_single.o [4]
  Initializer bytes  const     0x800'b1c8    0xd4  <for rw-1>
                             - 0x800'b29c  0xb0bc

"A1":                                       0x400
  IRQSTACK                    0x2000'0000   0x400  <Block>
    IRQSTACK         uninit   0x2000'0000   0x400  <Block tail>
                            - 0x2000'0400   0x400

"P2-P4", part 1 of 2:                      0x2ff0
  DATABSS                     0x2000'0400  0x23f0  <Block>
    rw-1                      0x2000'0400   0x2a4  <Init block>
      .data          inited   0x2000'0400    0x40  shell_cmd.o [1]
      .data          inited   0x2000'0440    0x18  vmu.o [1]
      .data          inited   0x2000'0458    0xf0  vmu.o [1]
      .data          inited   0x2000'0548   0x108  vmu.o [1]
      .data          inited   0x2000'0650     0x8  vmu.o [1]
      .data          inited   0x2000'0658    0x18  vmu.o [1]
      .data          inited   0x2000'0670    0x18  vmu.o [1]
      .data          inited   0x2000'0688     0xc  vmu.o [1]
      .data          inited   0x2000'0694    0x10  vmu.o [1]
    .bss             zero     0x2000'06a8    0x20  chheap.o [1]
    .bss             zero     0x2000'06c8    0xd8  chschd.o [1]
    .bss             zero     0x2000'07a0   0x180  chsys.o [1]
    .bss             zero     0x2000'0920     0x8  ntc.o [1]
    .bss             zero     0x2000'0928     0x8  ntc.o [1]
    .bss             zero     0x2000'0930     0x8  ntc.o [1]
    .bss             zero     0x2000'0938     0x8  ntc.o [1]
    .bss             zero     0x2000'0940     0x8  ntc.o [1]
    .bss             zero     0x2000'0948   0x970  vmu.o [1]
    .bss             zero     0x2000'12b8   0x270  vmu.o [1]
    .bss             zero     0x2000'1528   0x270  vmu.o [1]
    .bss             zero     0x2000'1798    0x20  vmu.o [1]
    .bss             zero     0x2000'17b8   0x970  vmu.o [1]
    .bss             zero     0x2000'2128     0x8  chmemcore.o [1]
    .bss             zero     0x2000'2130     0x4  digital_io.o [1]
    .bss             zero     0x2000'2134     0x4  digital_io.o [1]
    .bss             zero     0x2000'2138    0x30  hal_can_lld.o [1]
    .bss             zero     0x2000'2168    0x30  hal_can_lld.o [1]
    .bss             zero     0x2000'2198     0x8  hal_ext_lld.o [1]
    .bss             zero     0x2000'21a0    0x10  hal_gpt_lld.o [1]
    .bss             zero     0x2000'21b0    0x38  hal_i2c_lld.o [1]
    .bss             zero     0x2000'21e8    0x38  hal_i2c_lld.o [1]
    .bss             zero     0x2000'2220     0x4  hal_rtc_lld.o [1]
    .bss             zero     0x2000'2224    0x4c  hal_sdc_lld.o [1]
    .bss             zero     0x2000'2270   0x200  hal_sdc_lld.o [1]
    .bss             zero     0x2000'2470    0x7c  hal_serial_lld.o [1]
    .bss             zero     0x2000'24ec    0x7c  hal_serial_lld.o [1]
    .bss             zero     0x2000'2568    0x7c  hal_serial_lld.o [1]
    .bss             zero     0x2000'25e4    0x7c  hal_serial_lld.o [1]
    .bss             zero     0x2000'2660    0x30  hal_spi_lld.o [1]
    .bss             zero     0x2000'2690    0x30  hal_spi_lld.o [1]
    .bss             zero     0x2000'26c0     0x4  shell.o [1]
    .bss             zero     0x2000'26c4     0x4  stm32_dma.o [1]
    .bss             zero     0x2000'26c8    0x80  stm32_dma.o [1]
    .bss             zero     0x2000'2748    0x40  vmu.o [1]
    .bss             zero     0x2000'2788    0x10  vmu.o [1]
    .bss             zero     0x2000'2798    0x10  vmu.o [1]
    .bss             zero     0x2000'27a8    0x14  vmu.o [1]
    .bss             zero     0x2000'27bc    0x14  vmu.o [1]
    .bss             zero     0x2000'27d0     0x4  vmu.o [1]
    .bss             zero     0x2000'27d4     0x4  vmu.o [1]
    .bss             zero     0x2000'27d8     0x4  vmu.o [1]
    .bss             zero     0x2000'27dc     0x8  heap0.o [2]
    .bss             zero     0x2000'27e4     0x4  xfail_s.o [2]
    .bss             zero     0x2000'27e8     0x4  xgetmemchunk.o [2]
    .bss             zero     0x2000'27ec     0x2  hal_spi_lld.o [1]
    .bss             zero     0x2000'27ee     0x1  digital_io.o [1]
    .bss             zero     0x2000'27ef     0x1  digital_io.o [1]
  HEAP                        0x2000'27f0   0xc00  <Block>
    HEAP             rw data  0x2000'27f0     0x0  cstartup.o [1]
    HEAP             uninit   0x2000'27f0   0xc00  <Block tail>
                            - 0x2000'33f0  0x2ff0

"P2-P4", part 2 of 2:                       0x800
  CSTACK                      0x2000'33f0   0x800  <Block>
    CSTACK           uninit   0x2000'33f0   0x800  <Block tail>
                            - 0x2000'3bf0   0x800

"A2":                                         0x0
  SYSHEAP                     0x2002'0000     0x0  <Block>
    SYSHEAP          rw data  0x2002'0000     0x0  cstartup.o [1]

Unused ranges:

         From           To      Size
         ----           --      ----
   0x800'b29c   0x807'ffff  0x7'4d64
  0x2000'3bf0  0x2001'ffff  0x1'c410


*******************************************************************************
*** INIT TABLE
***

          Address      Size
          -------      ----
Zero (__iar_zero_init3)
    1 destination range, total size 0x2148:
          0x2000'06a8  0x2148

Copy/lz77 (__iar_lz77_init_single3)
    1 source range, total size 0xd4 (31% of destination):
           0x800'b1c8    0xd4
    1 destination range, total size 0x2a4:
          0x2000'0400   0x2a4



*******************************************************************************
*** MODULE SUMMARY
***

    Module              ro code  ro data  rw data
    ------              -------  -------  -------
command line/config:
    ---------------------------------------------
    Total:

C:\Users\nctur\Documents\Soft&Firmware\VCU\VCU related file\17010_can_controller-master\app\Debug\Obj: [1]
    ad5593r.o               608       40
    board.o                  22      252
    chcore_v7m.o            152
    chcoreasm_v7m.o          72
    chdebug.o               332       72
    chevents.o              364       80
    chheap.o                316       12       32
    chmemcore.o             232       44        8
    chmempools.o            144       24
    chmtx.o                 564       52
    chprintf.o            1 212       44
    chregistry.o            220       52
    chschd.o                796       48      216
    chstats.o               176
    chsys.o                 750       56      384
    chthreads.o           1 190      192
    chtm.o                  204
    chvt.o                  484       28
    cstartup.o              144
    digital_io.o            224                10
    hal.o                    64
    hal_can.o               536       64
    hal_can_lld.o         2 016       28       96
    hal_ext.o               180       24
    hal_ext_lld.o           324                 8
    hal_ext_lld_isr.o       976
    hal_gpt.o                18
    hal_gpt_lld.o           110                16
    hal_i2c.o               528      108
    hal_i2c_lld.o         2 352       60      112
    hal_lld.o               424
    hal_mmcsd.o             260       64
    hal_pal_lld.o           188
    hal_queues.o          1 016       44
    hal_rtc.o               328       24
    hal_rtc_lld.o           808                 4
    hal_sdc.o             2 000      172
    hal_sdc_lld.o         1 978       88      588
    hal_serial.o            516       68
    hal_serial_lld.o        924       12      496
    hal_spi.o               404       44
    hal_spi_lld.o           900       62       98
    hal_st.o                132       28
    hal_st_lld.o            260
    main.o                   28
    memstreams.o            228       16
    mrxx.o                  112
    ntc.o                   260                40
    nvic.o                   92
    peripheral_if.o          88
    shell.o                 804      104        4
    shell_cmd.o             688      828       64
    stm32_dma.o           1 216      232      132
    vectors.o               482
    vmu.o                 2 696    1 036    6 872
    ---------------------------------------------
    Total:               32 142    4 102    9 180

dl7M_tln.a: [2]
    abort.o                   6
    exit.o                    4
    heap0.o                 320                 8
    heaptramp0.o              4
    iar_Stolx.o             130
    iar_Stoulx.o            336       80
    low_level_init.o          4
    sprintf.o                64
    strncmp.o                40
    strpbrk.o                40
    strspn.o                 34
    vla_alloc.o              22
    xfail_s.o                64                 4
    xgetmemchunk.o           44                 4
    xprintffull_nomb.o    3 570
    xsprout.o                10
    ---------------------------------------------
    Total:                4 692       80       16

m7M_tls.a: [3]
    DblAdd.o                378
    DblCmpGe.o               46
    DblCmpLe.o               46
    DblDiv.o                582
    DblMul.o                418
    DblSub.o                226
    DblToFlt.o              104
    DblToS32.o               58
    DblToU32.o               40
    FltToDbl.o               72
    S32ToDbl.o               34
    U32ToDbl.o               26
    floor.o                 104
    fpinit_M.o               34
    frexp.o                 112
    ldexp.o                 314
    logx64.o                802
    math_wrappers64.o        30
    ---------------------------------------------
    Total:                3 426

rt7M_tl.a: [4]
    ABImemcpy.o             166
    I64DivMod.o             560
    I64DivZer.o               2
    cexit.o                  10
    cmain.o                  30
    data_init.o              40
    lz77_init_single.o      122
    memchr.o                 88
    memcpy.o                 12
    strchr.o                 22
    strcmp.o                 18
    strlen.o                 54
    zero_init3.o             58
    ---------------------------------------------
    Total:                1 182

shb_l.a: [5]
    exit.o                   20
    ---------------------------------------------
    Total:                   20

    Gaps                     48                 4
    Linker created                    32    6 144
-------------------------------------------------
    Grand Total:         41 510    4 214   15 344


*******************************************************************************
*** ENTRY LIST
***

Entry                       Address   Size  Type      Object
-----                       -------   ----  ----      ------
.iar.init_table$$Base    0x800'a738          --   Gb  - Linker created -
.iar.init_table$$Limit   0x800'a758          --   Gb  - Linker created -
?main                    0x800'a309         Code  Gb  cmain.o [4]
Aldata                  0x2000'27dc    0x8  Data  Lc  heap0.o [2]
CAND1                   0x2000'2138   0x30  Data  Gb  hal_can_lld.o [1]
CAND2                   0x2000'2168   0x30  Data  Gb  hal_can_lld.o [1]
CSTACK$$Base            0x2000'33f0          --   Gb  - Linker created -
CSTACK$$Limit           0x2000'3bf0          --   Gb  - Linker created -
DATABSS$$Base           0x2000'0400          --   Gb  - Linker created -
DATABSS$$Limit          0x2000'27f0          --   Gb  - Linker created -
EXTD1                   0x2000'2198    0x8  Data  Gb  hal_ext_lld.o [1]
GPTD1                   0x2000'21a0   0x10  Data  Gb  hal_gpt_lld.o [1]
HEAP$$Base              0x2000'27f0          --   Gb  - Linker created -
HEAP$$Limit             0x2000'33f0          --   Gb  - Linker created -
I2CD1                   0x2000'21b0   0x38  Data  Gb  hal_i2c_lld.o [1]
I2CD2                   0x2000'21e8   0x38  Data  Gb  hal_i2c_lld.o [1]
IRQSTACK$$Base          0x2000'0000          --   Gb  - Linker created -
IRQSTACK$$Limit         0x2000'0400          --   Gb  - Linker created -
LoadInt                  0x800'038f   0x7a  Code  Lc  xprintffull_nomb.o [2]
NVIC_SetPriority         0x800'4817   0x2c  Code  Lc  chsys.o [1]
NVIC_SetPriorityGrouping
                         0x800'47f9   0x1e  Code  Lc  chsys.o [1]
RTCD1                   0x2000'2220    0x4  Data  Gb  hal_rtc_lld.o [1]
Region$$Table$$Base      0x800'a738          --   Gb  - Linker created -
Region$$Table$$Limit     0x800'a758          --   Gb  - Linker created -
SD1                     0x2000'2470   0x7c  Data  Gb  hal_serial_lld.o [1]
SD2                     0x2000'24ec   0x7c  Data  Gb  hal_serial_lld.o [1]
SD3                     0x2000'2568   0x7c  Data  Gb  hal_serial_lld.o [1]
SD6                     0x2000'25e4   0x7c  Data  Gb  hal_serial_lld.o [1]
SDCD1                   0x2000'2224   0x4c  Data  Gb  hal_sdc_lld.o [1]
SPID1                   0x2000'2660   0x30  Data  Gb  hal_spi_lld.o [1]
SPID2                   0x2000'2690   0x30  Data  Gb  hal_spi_lld.o [1]
SVC_Handler              0x800'72dd   0x1e  Code  Gb  chcore_v7m.o [1]
SYSHEAP$$Base           0x2002'0000          --   Gb  - Linker created -
SYSHEAP$$Limit          0x2002'0000          --   Gb  - Linker created -
Vector104                0x800'917f   0x2e  Code  Gb  hal_sdc_lld.o [1]
Vector120                0x800'8271   0x30  Code  Gb  stm32_dma.o [1]
Vector124                0x800'82a1   0x34  Code  Gb  stm32_dma.o [1]
Vector128                0x800'82d5   0x34  Code  Gb  stm32_dma.o [1]
Vector12C                0x800'8309   0x34  Code  Gb  stm32_dma.o [1]
Vector130                0x800'833d   0x30  Code  Gb  stm32_dma.o [1]
Vector138                0x800'7f5f   0x34  Code  Gb  hal_ext_lld_isr.o [1]
Vector13C                0x800'5247   0x1c  Code  Gb  hal_can_lld.o [1]
Vector140                0x800'5263   0x1c  Code  Gb  hal_can_lld.o [1]
Vector144                0x800'527f   0x1c  Code  Gb  hal_can_lld.o [1]
Vector148                0x800'529b   0x1c  Code  Gb  hal_can_lld.o [1]
Vector150                0x800'836d   0x34  Code  Gb  stm32_dma.o [1]
Vector154                0x800'83a1   0x34  Code  Gb  stm32_dma.o [1]
Vector158                0x800'83d5   0x34  Code  Gb  stm32_dma.o [1]
Vector15C                0x800'60ad   0x1a  Code  Gb  hal_serial_lld.o [1]
Vector170                0x800'7f93   0x34  Code  Gb  hal_ext_lld_isr.o [1]
Vector44                 0x800'7ec3   0x34  Code  Gb  hal_ext_lld_isr.o [1]
Vector48                 0x800'7fc7   0x34  Code  Gb  hal_ext_lld_isr.o [1]
Vector4C                 0x800'7ffb   0x34  Code  Gb  hal_ext_lld_isr.o [1]
Vector58                 0x800'7ce1   0x38  Code  Gb  hal_ext_lld_isr.o [1]
Vector5C                 0x800'7d19   0x32  Code  Gb  hal_ext_lld_isr.o [1]
Vector60                 0x800'7d4b   0x32  Code  Gb  hal_ext_lld_isr.o [1]
Vector64                 0x800'7d7d   0x32  Code  Gb  hal_ext_lld_isr.o [1]
Vector68                 0x800'7daf   0x32  Code  Gb  hal_ext_lld_isr.o [1]
Vector6C                 0x800'80b1   0x36  Code  Gb  stm32_dma.o [1]
Vector70                 0x800'80e7   0x3a  Code  Gb  stm32_dma.o [1]
Vector74                 0x800'8121   0x3a  Code  Gb  stm32_dma.o [1]
Vector78                 0x800'815b   0x3a  Code  Gb  stm32_dma.o [1]
Vector7C                 0x800'8195   0x36  Code  Gb  stm32_dma.o [1]
Vector80                 0x800'81cb   0x3a  Code  Gb  stm32_dma.o [1]
Vector84                 0x800'8205   0x38  Code  Gb  stm32_dma.o [1]
Vector8C                 0x800'51d7   0x1c  Code  Gb  hal_can_lld.o [1]
Vector90                 0x800'51f3   0x1c  Code  Gb  hal_can_lld.o [1]
Vector94                 0x800'520f   0x1c  Code  Gb  hal_can_lld.o [1]
Vector98                 0x800'522b   0x1c  Code  Gb  hal_can_lld.o [1]
Vector9C                 0x800'7de1   0x6a  Code  Gb  hal_ext_lld_isr.o [1]
VectorA4                 0x800'a3d5   0x1a  Code  Gb  hal_gpt_lld.o [1]
VectorB0                 0x800'85f5   0x2c  Code  Gb  hal_st_lld.o [1]
VectorBC                 0x800'796b   0x1a  Code  Gb  hal_i2c_lld.o [1]
VectorC0                 0x800'7985   0x32  Code  Gb  hal_i2c_lld.o [1]
VectorC4                 0x800'79b7   0x1a  Code  Gb  hal_i2c_lld.o [1]
VectorC8                 0x800'79d1   0x32  Code  Gb  hal_i2c_lld.o [1]
VectorD4                 0x800'605f   0x1a  Code  Gb  hal_serial_lld.o [1]
VectorD8                 0x800'6079   0x1a  Code  Gb  hal_serial_lld.o [1]
VectorDC                 0x800'6093   0x1a  Code  Gb  hal_serial_lld.o [1]
VectorE0                 0x800'7e4b   0x78  Code  Gb  hal_ext_lld_isr.o [1]
VectorE4                 0x800'7ef7   0x34  Code  Gb  hal_ext_lld_isr.o [1]
VectorE8                 0x800'7f2b   0x34  Code  Gb  hal_ext_lld_isr.o [1]
VectorFC                 0x800'823d   0x34  Code  Gb  stm32_dma.o [1]
_GenldFullNoMb           0x800'0cd1  0x274  Code  Lc  xprintffull_nomb.o [2]
_LdtobFullNoMb           0x800'08cd  0x3d6  Code  Lc  xprintffull_nomb.o [2]
_LitobFullNoMb           0x800'077d  0x10a  Code  Lc  xprintffull_nomb.o [2]
_PrintfFullNoMb          0x800'01e1  0x19e  Code  Gb  xprintffull_nomb.o [2]
_PutcharsFullNoMb        0x800'0f45   0x2e  Code  Lc  xprintffull_nomb.o [2]
_PutfldFullNoMb          0x800'0409  0x268  Code  Lc  xprintffull_nomb.o [2]
_PuttxtFullNoMb          0x800'0671  0x10c  Code  Lc  xprintffull_nomb.o [2]
_SProut                  0x800'1113    0xa  Code  Gb  xsprout.o [2]
__aeabi_cdcmple          0x800'1661         Code  Gb  DblCmpLe.o [3]
__aeabi_cdrcmple         0x800'1691         Code  Gb  DblCmpGe.o [3]
__aeabi_d2f              0x800'55e5         Code  Gb  DblToFlt.o [3]
__aeabi_d2iz             0x800'17fd         Code  Gb  DblToS32.o [3]
__aeabi_d2uiz            0x800'1b89         Code  Gb  DblToU32.o [3]
__aeabi_dadd             0x800'1bd5         Code  Gb  DblAdd.o [3]
__aeabi_ddiv             0x800'1941         Code  Gb  DblDiv.o [3]
__aeabi_dmul             0x800'13a5         Code  Gb  DblMul.o [3]
__aeabi_dsub             0x800'185d         Code  Gb  DblSub.o [3]
__aeabi_f2d              0x800'564d         Code  Gb  FltToDbl.o [3]
__aeabi_i2d              0x800'1839         Code  Gb  S32ToDbl.o [3]
__aeabi_ldiv0            0x800'1bd1         Code  Gb  I64DivZer.o [4]
__aeabi_memcpy           0x800'1549         Code  Gb  ABImemcpy.o [4]
__aeabi_memcpy4          0x800'1569         Code  Gb  ABImemcpy.o [4]
__aeabi_memcpy8          0x800'1569         Code  Gb  ABImemcpy.o [4]
__aeabi_ui2d             0x800'1bb1         Code  Gb  U32ToDbl.o [3]
__aeabi_uldivmod         0x800'1175         Code  Gb  I64DivMod.o [4]
__basic_free             0x800'6e8d   0x16  Code  Gb  heap0.o [2]
__basic_free_intern      0x800'6ea3   0x7a  Code  Lc  heap0.o [2]
__basic_malloc           0x800'6de1   0x18  Code  Gb  heap0.o [2]
__basic_malloc_intern    0x800'6df9   0x94  Code  Lc  heap0.o [2]
__cmain                  0x800'a309         Code  Gb  cmain.o [4]
__data_GetMemChunk       0x800'8571   0x2c  Code  Gb  xgetmemchunk.o [2]
__data_GetMemChunk::start
                        0x2000'27e8    0x4  Data  Lc  xgetmemchunk.o [2]
__early_init             0x800'a2cd    0x8  Code  Gb  board.o [1]
__exit                   0x800'1d51   0x14  Code  Gb  exit.o [5]
__heap_base__           0x2000'27f0         Data  Gb  cstartup.o [1]
__heap_end__            0x2002'0000         Data  Gb  cstartup.o [1]
__iar_Fail_s             0x800'109d   0x1c  Code  Gb  xfail_s.o [2]
__iar_Log64              0x800'6abd  0x280  Code  Lc  logx64.o [3]
__iar_Memchr             0x800'111d         Code  Gb  memchr.o [4]
__iar_Stolx              0x800'3de1   0x7e  Code  Gb  iar_Stolx.o [2]
__iar_Stoulx             0x800'43cd  0x13e  Code  Gb  iar_Stoulx.o [2]
__iar_Strchr             0x800'104d         Code  Gb  strchr.o [4]
__iar_dadd               0x800'186d         Code  Gb  DblSub.o [3]
__iar_data_init3         0x800'a32d   0x28  Code  Gb  data_init.o [4]
__iar_dsub               0x800'1be5         Code  Gb  DblAdd.o [3]
__iar_dsubStart          0x800'1bf7         Code  Gb  DblAdd.o [3]
__iar_floor64            0x800'454d         Code  Gb  floor.o [3]
__iar_frexp              0x800'15fd         Code  Gb  frexp.o [3]
__iar_frexpl             0x800'15fd         Code  Gb  frexp.o [3]
__iar_init_vfp           0x800'a2e5         Code  Gb  fpinit_M.o [3]
__iar_ldexp64            0x800'16c1         Code  Gb  ldexp.o [3]
__iar_log2_64            0x800'6dd5    0x6  Code  Gb  logx64.o [3]
__iar_log2_medium        0x800'6dd5    0x6  Code  Gb  logx64.o [3]
__iar_log2_medium64      0x800'6dd5    0x6  Code  Gb  logx64.o [3]
__iar_log2_mediuml       0x800'6dd5    0x6  Code  Gb  logx64.o [3]
__iar_log64              0x800'6ddb    0x4  Code  Gb  logx64.o [3]
__iar_log_medium         0x800'6ddb    0x4  Code  Gb  logx64.o [3]
__iar_log_medium64       0x800'6ddb    0x4  Code  Gb  logx64.o [3]
__iar_log_mediuml        0x800'6ddb    0x4  Code  Gb  logx64.o [3]
__iar_lz77_init_single3
                         0x800'0fd3   0x7a  Code  Gb  lz77_init_single.o [4]
__iar_program_start      0x800'a23d         Code  Gb  cstartup.o [1]
__iar_scalbln64          0x800'16c1         Code  Gb  ldexp.o [3]
__iar_scalbn64           0x800'16c1         Code  Gb  ldexp.o [3]
__iar_softfp___iar_frexp64
                         0x800'15f1         Code  Gb  frexp.o [3]
__iar_softfp_frexp       0x800'15f1         Code  Gb  frexp.o [3]
__iar_softfp_frexpl      0x800'15f1         Code  Gb  frexp.o [3]
__iar_vfp___iar_floor64
                         0x800'453d         Code  Gb  floor.o [3]
__iar_vfp_floor          0x800'453d         Code  Gb  floor.o [3]
__iar_vfp_floorl         0x800'453d         Code  Gb  floor.o [3]
__iar_vfp_log            0x800'4523    0xc  Code  Gb  math_wrappers64.o [3]
__iar_vfp_log2           0x800'452f    0xc  Code  Gb  math_wrappers64.o [3]
__iar_vla_alloc2         0x800'45a5   0x12  Code  Gb  vla_alloc.o [2]
__iar_vla_dealloc2       0x800'45b7    0x4  Code  Gb  vla_alloc.o [2]
__iar_zero_init3         0x800'1063   0x3a  Code  Gb  zero_init3.o [4]
__low_level_init         0x800'a327    0x4  Code  Gb  low_level_init.o [2]
__main_stack_base__ {Abs}
                        0x2000'0000         Data  Gb  <internal module>
__main_stack_end__ {Abs}
                        0x2000'0400         Data  Gb  <internal module>
__main_thread_stack_base__ {Abs}
                        0x2000'0400         Data  Gb  <internal module>
__process_stack_base__ {Abs}
                        0x2000'0400         Data  Gb  <internal module>
__process_stack_end__ {Abs}
                        0x2000'0c00         Data  Gb  <internal module>
__vector_table           0x800'0000         Data  Gb  vectors.o [1]
_call_main               0x800'a315         Code  Gb  cmain.o [4]
_core_init               0x800'71d7    0xc  Code  Gb  chmemcore.o [1]
_dbg_check_enable        0x800'46cd   0x18  Code  Gb  chdebug.o [1]
_dbg_check_enter_isr     0x800'4755   0x26  Code  Gb  chdebug.o [1]
_dbg_check_leave_isr     0x800'477b   0x26  Code  Gb  chdebug.o [1]
_dbg_check_lock          0x800'46e5   0x1c  Code  Gb  chdebug.o [1]
_dbg_check_lock_from_isr
                         0x800'471d   0x1c  Code  Gb  chdebug.o [1]
_dbg_check_unlock        0x800'4701   0x1c  Code  Gb  chdebug.o [1]
_dbg_check_unlock_from_isr
                         0x800'4739   0x1c  Code  Gb  chdebug.o [1]
_exit                    0x800'a3b5         Code  Gb  cexit.o [4]
_get                     0x800'3a9f   0x12  Code  Lc  hal_serial.o [1]
_get                     0x800'573d   0x24  Code  Lc  memstreams.o [1]
_gett                    0x800'3ac9   0x12  Code  Lc  hal_serial.o [1]
_heap_init               0x800'5b31   0x18  Code  Gb  chheap.o [1]
_idle_thread             0x800'49eb    0xa  Code  Lc  chsys.o [1]
_main                    0x800'a323         Code  Gb  cmain.o [4]
_mmcsd_get_capacity      0x800'9689   0x6c  Code  Gb  hal_mmcsd.o [1]
_mmcsd_get_capacity::__func__
                         0x800'aa38   0x14  Data  Lc  hal_mmcsd.o [1]
_mmcsd_get_capacity_ext
                         0x800'96f5   0x2e  Code  Gb  hal_mmcsd.o [1]
_mmcsd_get_capacity_ext::__func__
                         0x800'a904   0x18  Data  Lc  hal_mmcsd.o [1]
_mmcsd_get_slice         0x800'962d   0x5c  Code  Gb  hal_mmcsd.o [1]
_mmcsd_get_slice::__func__
                         0x800'aa24   0x14  Data  Lc  hal_mmcsd.o [1]
_pal_lld_init            0x800'a0e7   0x72  Code  Gb  hal_pal_lld.o [1]
_port_exit_from_isr      0x800'72b9         Code  Gb  chcoreasm_v7m.o [1]
_port_irq_epilogue       0x800'72fb   0x44  Code  Gb  chcore_v7m.o [1]
_port_switch             0x800'7275         Code  Gb  chcoreasm_v7m.o [1]
_port_switch_from_isr    0x800'72a5         Code  Gb  chcoreasm_v7m.o [1]
_port_thread_start       0x800'728d         Code  Gb  chcoreasm_v7m.o [1]
_put                     0x800'3a87   0x18  Code  Lc  hal_serial.o [1]
_put                     0x800'5715   0x28  Code  Lc  memstreams.o [1]
_putt                    0x800'3ab1   0x18  Code  Lc  hal_serial.o [1]
_read                    0x800'3a6d   0x1a  Code  Lc  hal_serial.o [1]
_reads                   0x800'56d5   0x40  Code  Lc  memstreams.o [1]
_readt                   0x800'3af5   0x1a  Code  Lc  hal_serial.o [1]
_scheduler_init          0x800'4b91   0x14  Code  Gb  chschd.o [1]
_sdc_wait_for_transfer_state
                         0x800'8ae5   0x46  Code  Gb  hal_sdc.o [1]
_stats_ctxswc            0x800'4657   0x20  Code  Gb  chstats.o [1]
_stats_increase_irq      0x800'463f   0x18  Code  Gb  chstats.o [1]
_stats_init              0x800'461d   0x22  Code  Gb  chstats.o [1]
_stats_start_measure_crit_isr
                         0x800'468b    0xa  Code  Gb  chstats.o [1]
_stats_start_measure_crit_thd
                         0x800'4677    0xa  Code  Gb  chstats.o [1]
_stats_stop_measure_crit_isr
                         0x800'4695    0xa  Code  Gb  chstats.o [1]
_stats_stop_measure_crit_thd
                         0x800'4681    0xa  Code  Gb  chstats.o [1]
_stm32_dma_streams       0x800'a008   0xc0  Data  Gb  stm32_dma.o [1]
_thread_init             0x800'349b   0x54  Code  Gb  chthreads.o [1]
_tm_init                 0x800'59cb   0x28  Code  Gb  chtm.o [1]
_unhandled_exception     0x800'15ef         Code  Gb  vectors.o [1]
_vt_init                 0x800'6fdf   0x16  Code  Gb  chvt.o [1]
_write                   0x800'3a53   0x1a  Code  Lc  hal_serial.o [1]
_writes                  0x800'5695   0x40  Code  Lc  memstreams.o [1]
_writet                  0x800'3adb   0x1a  Code  Lc  hal_serial.o [1]
abort                    0x800'1bcb    0x6  Code  Gb  abort.o [2]
accsens_int_handler      0x800'2095    0x2  Code  Gb  vmu.o [1]
ad0Result               0x2000'2788   0x10  Data  Gb  vmu.o [1]
ad1Result               0x2000'2798   0x10  Data  Gb  vmu.o [1]
ad5593rObjectInit        0x800'322d    0xe  Code  Gb  ad5593r.o [1]
ad5593rRead              0x800'328d    0xc  Code  Gb  ad5593r.o [1]
ad5593rReadReg           0x800'3093   0x4c  Code  Lc  ad5593r.o [1]
ad5593rStart             0x800'323b   0x46  Code  Gb  ad5593r.o [1]
ad5593rStart::__func__   0x800'ab64   0x10  Data  Lc  ad5593r.o [1]
ad5593rWritereg          0x800'3039   0x5a  Code  Lc  ad5593r.o [1]
ad_dev0                 0x2000'27a8   0x14  Data  Gb  vmu.o [1]
ad_isens                0x2000'27bc   0x14  Data  Gb  vmu.o [1]
adc_cfg0                0x2000'0658   0x18  Data  Lc  vmu.o [1]
adc_cfg1                0x2000'0670   0x18  Data  Lc  vmu.o [1]
appParam                0x2000'2748   0x40  Data  Gb  vmu.o [1]
atoi                     0x800'4511    0x2  Code  Gb  iar_Stoulx.o [2]
beta                    0x2000'0930    0x8  Data  Lc  ntc.o [1]
beta_calib_temp         0x2000'0938    0x8  Data  Lc  ntc.o [1]
boardInit                0x800'a2e1    0x2  Code  Gb  board.o [1]
can1Recv                0x2000'27d4    0x4  Data  Gb  vmu.o [1]
can2Recv                0x2000'27d8    0x4  Data  Gb  vmu.o [1]
canCfg500K              0x2000'0650    0x8  Data  Lc  vmu.o [1]
canInit                  0x800'29f5    0x8  Code  Gb  hal_can.o [1]
canObjectInit            0x800'29fd   0x46  Code  Gb  hal_can.o [1]
canReceiveTimeout        0x800'2aeb   0x72  Code  Gb  hal_can.o [1]
canReceiveTimeout::__func__
                         0x800'a9fc   0x14  Data  Lc  hal_can.o [1]
canSend                  0x800'2097   0x60  Code  Lc  vmu.o [1]
canStart                 0x800'2a43   0x36  Code  Gb  hal_can.o [1]
canStart::__func__       0x800'ae2c    0xc  Data  Lc  hal_can.o [1]
canTransmitTimeout       0x800'2a79   0x72  Code  Gb  hal_can.o [1]
canTransmitTimeout::__func__
                         0x800'a9e8   0x14  Data  Lc  hal_can.o [1]
can_lld_init             0x800'52b7   0x30  Code  Gb  hal_can_lld.o [1]
can_lld_is_rx_nonempty   0x800'546b   0x58  Code  Gb  hal_can_lld.o [1]
can_lld_is_tx_empty      0x800'5391   0x4e  Code  Gb  hal_can_lld.o [1]
can_lld_receive          0x800'54c3  0x102  Code  Gb  hal_can_lld.o [1]
can_lld_rx0_handler      0x800'50dd   0x54  Code  Lc  hal_can_lld.o [1]
can_lld_rx1_handler      0x800'5131   0x54  Code  Lc  hal_can_lld.o [1]
can_lld_sce_handler      0x800'5185   0x52  Code  Lc  hal_can_lld.o [1]
can_lld_set_filters      0x800'4e9b  0x1da  Code  Lc  hal_can_lld.o [1]
can_lld_start            0x800'52e7   0xaa  Code  Gb  hal_can_lld.o [1]
can_lld_start::__func__
                         0x800'ac04   0x10  Data  Lc  hal_can_lld.o [1]
can_lld_transmit         0x800'53df   0x8c  Code  Gb  hal_can_lld.o [1]
can_lld_tx_handler       0x800'5075   0x68  Code  Lc  hal_can_lld.o [1]
ch                      0x2000'06c8   0xd8  Data  Gb  chschd.o [1]
chCoreAllocAlignedWithOffset
                         0x800'7233   0x20  Code  Gb  chmemcore.o [1]
chCoreAllocAlignedWithOffsetI
                         0x800'71e3   0x50  Code  Gb  chmemcore.o [1]
chCoreAllocAlignedWithOffsetI::__func__
                         0x800'a758   0x20  Data  Lc  chmemcore.o [1]
chCoreGetStatusX         0x800'7253    0xa  Code  Gb  chmemcore.o [1]
chDbgCheckClassI         0x800'47a1   0x18  Code  Gb  chdebug.o [1]
chDbgCheckClassS         0x800'47b9   0x18  Code  Gb  chdebug.o [1]
chEvtBroadcastFlagsI     0x800'2873   0x3a  Code  Gb  chevents.o [1]
chEvtBroadcastFlagsI::__func__
                         0x800'a88c   0x18  Data  Lc  chevents.o [1]
chEvtBroadcastI          0x800'9749    0xe  Code  Lc  shell.o [1]
chEvtObjectInit          0x800'29b9    0x4  Code  Lc  hal_can.o [1]
chEvtObjectInit          0x800'3a23    0x4  Code  Lc  hal_serial.o [1]
chEvtRegister            0x800'1d7d   0x16  Code  Lc  vmu.o [1]
chEvtRegisterMask        0x800'1d65   0x18  Code  Lc  vmu.o [1]
chEvtRegisterMaskWithFlags
                         0x800'283b   0x38  Code  Gb  chevents.o [1]
chEvtRegisterMaskWithFlags::__func__
                         0x800'a838   0x1c  Data  Lc  chevents.o [1]
chEvtSignalI             0x800'28ad   0x4a  Code  Gb  chevents.o [1]
chEvtSignalI::__func__   0x800'ab84   0x10  Data  Lc  chevents.o [1]
chEvtWaitAnyTimeout      0x800'28f7   0x4c  Code  Gb  chevents.o [1]
chHeapFree               0x800'5b49   0xae  Code  Gb  chheap.o [1]
chHeapFree::__func__     0x800'ad60    0xc  Data  Lc  chheap.o [1]
chHeapStatus             0x800'5bf7   0x68  Code  Gb  chheap.o [1]
chMtxLock                0x800'62a5   0x14  Code  Gb  chmtx.o [1]
chMtxLockS               0x800'62b9   0xa2  Code  Gb  chmtx.o [1]
chMtxLockS::__func__     0x800'ad9c    0xc  Data  Lc  chmtx.o [1]
chMtxObjectInit          0x800'628b   0x1a  Code  Gb  chmtx.o [1]
chMtxObjectInit::__func__
                         0x800'ab94   0x10  Data  Lc  chmtx.o [1]
chMtxQueueNotEmptyS      0x800'627b   0x10  Code  Lc  chmtx.o [1]
chMtxUnlock              0x800'635b   0xa2  Code  Gb  chmtx.o [1]
chMtxUnlock::__func__    0x800'ada8    0xc  Data  Lc  chmtx.o [1]
chPoolFree               0x800'5cd9   0x18  Code  Gb  chmempools.o [1]
chPoolFreeI              0x800'5cb7   0x22  Code  Gb  chmempools.o [1]
chPoolFreeI::__func__    0x800'ad84    0xc  Data  Lc  chmempools.o [1]
chRegFindThreadByWorkingArea
                         0x800'5b09   0x28  Code  Gb  chregistry.o [1]
chRegFirstThread         0x800'5aa3   0x1c  Code  Gb  chregistry.o [1]
chRegNextThread          0x800'5abf   0x3c  Code  Gb  chregistry.o [1]
chRegNextThread::__func__
                         0x800'aba4   0x10  Data  Lc  chregistry.o [1]
chSchDoReschedule        0x800'4dbf   0x30  Code  Gb  chschd.o [1]
chSchDoRescheduleAhead   0x800'4d8f   0x30  Code  Gb  chschd.o [1]
chSchGoSleepS            0x800'4c39   0x32  Code  Gb  chschd.o [1]
chSchGoSleepTimeoutS     0x800'4cbd   0x4c  Code  Gb  chschd.o [1]
chSchIsPreemptionRequired
                         0x800'4d77   0x18  Code  Gb  chschd.o [1]
chSchIsRescRequiredI     0x800'4b2b   0x1e  Code  Lc  chschd.o [1]
chSchReadyAheadI         0x800'4bef   0x4a  Code  Gb  chschd.o [1]
chSchReadyAheadI::__func__
                         0x800'a9ac   0x14  Data  Lc  chschd.o [1]
chSchReadyI              0x800'4ba5   0x4a  Code  Gb  chschd.o [1]
chSchReadyI::__func__    0x800'adc0    0xc  Data  Lc  chschd.o [1]
chSchRescheduleS         0x800'4d63   0x14  Code  Gb  chschd.o [1]
chSchWakeupS             0x800'4d09   0x5a  Code  Gb  chschd.o [1]
chSchWakeupS::__func__   0x800'abb4   0x10  Data  Lc  chschd.o [1]
chSemFastSignalI         0x800'4b81   0x10  Code  Lc  chschd.o [1]
chSysEnable              0x800'48ed    0xc  Code  Lc  chsys.o [1]
chSysGetStatusAndLockX   0x800'4a99   0x28  Code  Gb  chsys.o [1]
chSysHalt                0x800'4a4d    0xe  Code  Gb  chsys.o [1]
chSysInit                0x800'49f5   0x58  Code  Gb  chsys.o [1]
chSysInit{1}::idle_descriptor
                         0x800'a8bc   0x18  Data  Lc  chsys.o [1]
chSysLock                0x800'27fd   0x10  Code  Lc  chevents.o [1]
chSysLock                0x800'719d   0x10  Code  Lc  chmemcore.o [1]
chSysLock                0x800'5c7d   0x10  Code  Lc  chmempools.o [1]
chSysLock                0x800'6241   0x10  Code  Lc  chmtx.o [1]
chSysLock                0x800'5a65   0x10  Code  Lc  chregistry.o [1]
chSysLock                0x800'48f9   0x10  Code  Lc  chsys.o [1]
chSysLock                0x800'33fd   0x10  Code  Lc  chthreads.o [1]
chSysLock                0x800'296f   0x10  Code  Lc  hal_can.o [1]
chSysLock                0x800'3935   0x10  Code  Lc  hal_ext.o [1]
chSysLock                0x800'5789   0x10  Code  Lc  hal_i2c.o [1]
chSysLock                0x800'73e1   0x10  Code  Lc  hal_i2c_lld.o [1]
chSysLock                0x800'3eb3   0x10  Code  Lc  hal_queues.o [1]
chSysLock                0x800'86b1   0x10  Code  Lc  hal_sdc.o [1]
chSysLock                0x800'8e91   0x10  Code  Lc  hal_sdc_lld.o [1]
chSysLock                0x800'39e9   0x10  Code  Lc  hal_serial.o [1]
chSysLock                0x800'3bed   0x10  Code  Lc  hal_spi.o [1]
chSysLock                0x800'9739   0x10  Code  Lc  shell.o [1]
chSysLock                0x800'9ad3   0x10  Code  Lc  shell_cmd.o [1]
chSysLockFromISR         0x800'4b49   0x10  Code  Lc  chschd.o [1]
chSysLockFromISR         0x800'4933   0x10  Code  Lc  chsys.o [1]
chSysLockFromISR         0x800'4e25   0x10  Code  Lc  hal_can_lld.o [1]
chSysLockFromISR         0x800'741f   0x10  Code  Lc  hal_i2c_lld.o [1]
chSysLockFromISR         0x800'8ecf   0x10  Code  Lc  hal_sdc_lld.o [1]
chSysLockFromISR         0x800'5e61   0x10  Code  Lc  hal_serial_lld.o [1]
chSysLockFromISR         0x800'6431   0x10  Code  Lc  hal_spi_lld.o [1]
chSysLockFromISR         0x800'85bd   0x10  Code  Lc  hal_st_lld.o [1]
chSysRestoreStatusX      0x800'4ac1   0x26  Code  Gb  chsys.o [1]
chSysTimerHandlerI       0x800'4a8d    0xc  Code  Gb  chsys.o [1]
chSysUnlock              0x800'280d   0x2e  Code  Lc  chevents.o [1]
chSysUnlock              0x800'71ad   0x2a  Code  Lc  chmemcore.o [1]
chSysUnlock              0x800'5c8d   0x2a  Code  Lc  chmempools.o [1]
chSysUnlock              0x800'6251   0x2a  Code  Lc  chmtx.o [1]
chSysUnlock              0x800'5a75   0x2a  Code  Lc  chregistry.o [1]
chSysUnlock              0x800'4909   0x2a  Code  Lc  chsys.o [1]
chSysUnlock              0x800'340d   0x2e  Code  Lc  chthreads.o [1]
chSysUnlock              0x800'297f   0x2e  Code  Lc  hal_can.o [1]
chSysUnlock              0x800'3945   0x2a  Code  Lc  hal_ext.o [1]
chSysUnlock              0x800'5799   0x2a  Code  Lc  hal_i2c.o [1]
chSysUnlock              0x800'73f1   0x2e  Code  Lc  hal_i2c_lld.o [1]
chSysUnlock              0x800'3ec3   0x2e  Code  Lc  hal_queues.o [1]
chSysUnlock              0x800'86c1   0x2e  Code  Lc  hal_sdc.o [1]
chSysUnlock              0x800'8ea1   0x2e  Code  Lc  hal_sdc_lld.o [1]
chSysUnlock              0x800'39f9   0x2a  Code  Lc  hal_serial.o [1]
chSysUnlock              0x800'3bfd   0x2e  Code  Lc  hal_spi.o [1]
chSysUnlock              0x800'9ae3   0x2a  Code  Lc  shell_cmd.o [1]
chSysUnlock::__func__    0x800'ad54    0xc  Data  Lc  chevents.o [1]
chSysUnlock::__func__    0x800'ad6c    0xc  Data  Lc  chmemcore.o [1]
chSysUnlock::__func__    0x800'ad78    0xc  Data  Lc  chmempools.o [1]
chSysUnlock::__func__    0x800'ad90    0xc  Data  Lc  chmtx.o [1]
chSysUnlock::__func__    0x800'adb4    0xc  Data  Lc  chregistry.o [1]
chSysUnlock::__func__    0x800'adcc    0xc  Data  Lc  chsys.o [1]
chSysUnlock::__func__    0x800'ade4    0xc  Data  Lc  chthreads.o [1]
chSysUnlock::__func__    0x800'ae20    0xc  Data  Lc  hal_can.o [1]
chSysUnlock::__func__    0x800'ae44    0xc  Data  Lc  hal_ext.o [1]
chSysUnlock::__func__    0x800'ae5c    0xc  Data  Lc  hal_i2c.o [1]
chSysUnlock::__func__    0x800'ae74    0xc  Data  Lc  hal_i2c_lld.o [1]
chSysUnlock::__func__    0x800'ae8c    0xc  Data  Lc  hal_queues.o [1]
chSysUnlock::__func__    0x800'aeb0    0xc  Data  Lc  hal_sdc.o [1]
chSysUnlock::__func__    0x800'aee0    0xc  Data  Lc  hal_sdc_lld.o [1]
chSysUnlock::__func__    0x800'aeec    0xc  Data  Lc  hal_serial.o [1]
chSysUnlock::__func__    0x800'af04    0xc  Data  Lc  hal_spi.o [1]
chSysUnlock::__func__    0x800'af4c    0xc  Data  Lc  shell_cmd.o [1]
chSysUnlockFromISR       0x800'4b59   0x10  Code  Lc  chschd.o [1]
chSysUnlockFromISR       0x800'4943   0x10  Code  Lc  chsys.o [1]
chSysUnlockFromISR       0x800'4e35   0x10  Code  Lc  hal_can_lld.o [1]
chSysUnlockFromISR       0x800'742f   0x10  Code  Lc  hal_i2c_lld.o [1]
chSysUnlockFromISR       0x800'8edf   0x10  Code  Lc  hal_sdc_lld.o [1]
chSysUnlockFromISR       0x800'5e71   0x10  Code  Lc  hal_serial_lld.o [1]
chSysUnlockFromISR       0x800'6441   0x10  Code  Lc  hal_spi_lld.o [1]
chSysUnlockFromISR       0x800'85cd   0x10  Code  Lc  hal_st_lld.o [1]
chTMChainMeasurementToX
                         0x800'5a3d   0x18  Code  Gb  chtm.o [1]
chTMObjectInit           0x800'59f3   0x1c  Code  Gb  chtm.o [1]
chTMStartMeasurementX    0x800'5a0f    0xc  Code  Gb  chtm.o [1]
chTMStopMeasurementX     0x800'5a1b   0x18  Code  Gb  chtm.o [1]
chThdCreate              0x800'3575   0x32  Code  Gb  chthreads.o [1]
chThdCreate::__func__    0x800'adfc    0xc  Data  Lc  chthreads.o [1]
chThdCreateStatic        0x800'35a7   0x9c  Code  Gb  chthreads.o [1]
chThdCreateStatic::__func__
                         0x800'a9d4   0x14  Data  Lc  chthreads.o [1]
chThdCreateSuspendedI    0x800'34ef   0x86  Code  Gb  chthreads.o [1]
chThdCreateSuspendedI::__func__
                         0x800'a8d4   0x18  Data  Lc  chthreads.o [1]
chThdDequeueAllI         0x800'3827   0x1c  Code  Gb  chthreads.o [1]
chThdDequeueNextI        0x800'380d   0x1a  Code  Gb  chthreads.o [1]
chThdDoDequeueNextI      0x800'3461   0x3a  Code  Lc  chthreads.o [1]
chThdDoDequeueNextI::__func__
                         0x800'a9c0   0x14  Data  Lc  chthreads.o [1]
chThdEnqueueTimeoutS     0x800'37b1   0x24  Code  Gb  chthreads.o [1]
chThdExit                0x800'36bb   0x10  Code  Gb  chthreads.o [1]
chThdExitS               0x800'36cb   0x50  Code  Gb  chthreads.o [1]
chThdExitS::__func__     0x800'ae08    0xc  Data  Lc  chthreads.o [1]
chThdGetSelfX            0x800'343b    0x8  Code  Lc  chthreads.o [1]
chThdGetWorkingAreaX     0x800'5a9f    0x4  Code  Lc  chregistry.o [1]
chThdGetWorkingAreaX     0x800'3443    0x4  Code  Lc  chthreads.o [1]
chThdQueueObjectInit     0x800'29ad    0xc  Code  Lc  hal_can.o [1]
chThdQueueObjectInit     0x800'3ef9    0xc  Code  Lc  hal_queues.o [1]
chThdRelease             0x800'3643   0x78  Code  Gb  chthreads.o [1]
chThdRelease::__func__   0x800'abc4   0x10  Data  Lc  chthreads.o [1]
chThdResumeI             0x800'3787   0x2a  Code  Gb  chthreads.o [1]
chThdResumeI::__func__   0x800'abe4   0x10  Data  Lc  chthreads.o [1]
chThdSleep               0x800'371b   0x14  Code  Gb  chthreads.o [1]
chThdSleepS              0x800'3447   0x1a  Code  Lc  chthreads.o [1]
chThdSleepS              0x800'4e45   0x1a  Code  Lc  hal_can_lld.o [1]
chThdSleepS::__func__    0x800'adf0    0xc  Data  Lc  chthreads.o [1]
chThdSleepS::__func__    0x800'ae38    0xc  Data  Lc  hal_can_lld.o [1]
chThdSuspendS            0x800'372f   0x28  Code  Gb  chthreads.o [1]
chThdSuspendS::__func__
                         0x800'abd4   0x10  Data  Lc  chthreads.o [1]
chThdSuspendTimeoutS     0x800'3757   0x30  Code  Gb  chthreads.o [1]
chThdSuspendTimeoutS::__func__
                         0x800'a8ec   0x18  Data  Lc  chthreads.o [1]
chVTDoResetI             0x800'70db   0xa0  Code  Gb  chvt.o [1]
chVTDoResetI::__func__   0x800'abf4   0x10  Data  Lc  chvt.o [1]
chVTDoSetI               0x800'6ff5   0xe6  Code  Gb  chvt.o [1]
chVTDoSetI::__func__     0x800'ae14    0xc  Data  Lc  chvt.o [1]
chVTDoTickI              0x800'495b   0x90  Code  Lc  chsys.o [1]
chVTDoTickI::__func__    0x800'add8    0xc  Data  Lc  chsys.o [1]
chVTGetSystemTime        0x800'9b15   0x14  Code  Lc  shell_cmd.o [1]
chVTGetSystemTimeX       0x800'4953    0x8  Code  Lc  chsys.o [1]
chVTGetSystemTimeX       0x800'6fd7    0x8  Code  Lc  chvt.o [1]
chVTGetSystemTimeX       0x800'743f    0x8  Code  Lc  hal_i2c_lld.o [1]
chVTGetSystemTimeX       0x800'3ef1    0x8  Code  Lc  hal_queues.o [1]
chVTGetSystemTimeX       0x800'9b0d    0x8  Code  Lc  shell_cmd.o [1]
chVTIsArmedI             0x800'4b69   0x18  Code  Lc  chschd.o [1]
chVTIsTimeWithinX        0x800'7447   0x12  Code  Lc  hal_i2c_lld.o [1]
ch_debug                 0x800'a8a4   0x18  Data  Gb  chregistry.o [1]
ch_idle_thread_wa       0x2000'07a0  0x180  Data  Gb  chsys.o [1]
ch_ltoa                  0x800'2bcd   0x16  Code  Lc  chprintf.o [1]
ch_memcore              0x2000'2128    0x8  Data  Gb  chmemcore.o [1]
chprintf                 0x800'2fd5   0x1a  Code  Gb  chprintf.o [1]
chsnprintf               0x800'2fef   0x4a  Code  Gb  chprintf.o [1]
chvprintf                0x800'2c6d  0x35e  Code  Gb  chprintf.o [1]
cmdDC                    0x800'252d   0x46  Code  Lc  vmu.o [1]
cmdEcho                  0x800'2349  0x110  Code  Lc  vmu.o [1]
cmdRTC                   0x800'2459   0xc4  Code  Lc  vmu.o [1]
cmdRead                  0x800'20f7   0x3c  Code  Lc  vmu.o [1]
cmdSend                  0x800'2245  0x104  Code  Lc  vmu.o [1]
cmdView                  0x800'21b3   0x72  Code  Lc  vmu.o [1]
cmdWrite                 0x800'2133   0x80  Code  Lc  vmu.o [1]
cmd_echo                 0x800'9bb9   0x24  Code  Lc  shell_cmd.o [1]
cmd_exit                 0x800'9b29   0x20  Code  Lc  shell_cmd.o [1]
cmd_info                 0x800'9b49   0x70  Code  Lc  shell_cmd.o [1]
cmd_mem                  0x800'9c05   0x52  Code  Lc  shell_cmd.o [1]
cmd_systime              0x800'9bdd   0x28  Code  Lc  shell_cmd.o [1]
cmd_threads              0x800'9c57   0x74  Code  Lc  shell_cmd.o [1]
cmd_threads::states     0x2000'0400   0x40  Data  Lc  shell_cmd.o [1]
cmdexec                  0x800'97cf   0x3a  Code  Lc  shell.o [1]
cmdtestDecToBin          0x800'2579  0x16e  Code  Lc  vmu.o [1]
commands                 0x800'a4ec   0x48  Data  Lc  vmu.o [1]
default_config           0x800'aef8    0xc  Data  Lc  hal_serial_lld.o [1]
default_heap            0x2000'06a8   0x20  Data  Lc  chheap.o [1]
detect_bus_clk           0x800'89e5   0x26  Code  Lc  hal_sdc.o [1]
dig_in                  0x2000'2134    0x4  Data  Lc  digital_io.o [1]
dig_in                  0x2000'0458   0xf0  Data  Lc  vmu.o [1]
dig_out                 0x2000'2130    0x4  Data  Lc  digital_io.o [1]
dig_out                 0x2000'0548  0x108  Data  Lc  vmu.o [1]
[...]
osalThreadEnqueueTimeoutS
                         0x800'3f29   0x10  Code  Lc  hal_queues.o [1]
osalThreadQueueObjectInit
                         0x800'29cd    0xc  Code  Lc  hal_can.o [1]
osalThreadQueueObjectInit
                         0x800'3f1d    0xc  Code  Lc  hal_queues.o [1]
osalThreadResumeI        0x800'74b1   0x10  Code  Lc  hal_i2c_lld.o [1]
osalThreadResumeI        0x800'8f27   0x10  Code  Lc  hal_sdc_lld.o [1]
osalThreadResumeI        0x800'646d   0x10  Code  Lc  hal_spi_lld.o [1]
osalThreadSleep          0x800'86ff    0xc  Code  Lc  hal_sdc.o [1]
osalThreadSleep          0x800'8f0f    0xc  Code  Lc  hal_sdc_lld.o [1]
osalThreadSleepS         0x800'4e6f    0xc  Code  Lc  hal_can_lld.o [1]
osalThreadSuspendS       0x800'8f1b    0xc  Code  Lc  hal_sdc_lld.o [1]
osalThreadSuspendS       0x800'3c3b    0xc  Code  Lc  hal_spi.o [1]
osalThreadSuspendTimeoutS
                         0x800'74a1   0x10  Code  Lc  hal_i2c_lld.o [1]
pal_default_config       0x800'9f0c   0xfc  Data  Gb  board.o [1]
parse_arguments          0x800'9757   0x5c  Code  Lc  shell.o [1]
port_disable             0x800'48bb    0x4  Code  Lc  chsys.o [1]
port_enable              0x800'48bf    0xa  Code  Lc  chsys.o [1]
port_get_irq_status      0x800'4875    0x6  Code  Lc  chsys.o [1]
port_init                0x800'4843   0x32  Code  Lc  chsys.o [1]
port_irq_enabled         0x800'487b    0xe  Code  Lc  chsys.o [1]
port_is_isr_context      0x800'4889   0x12  Code  Lc  chsys.o [1]
port_lock                0x800'72bd    0x8  Code  Lc  chcore_v7m.o [1]
port_lock                0x800'46ad    0x8  Code  Lc  chdebug.o [1]
port_lock                0x800'27ed    0x8  Code  Lc  chevents.o [1]
port_lock                0x800'718d    0x8  Code  Lc  chmemcore.o [1]
port_lock                0x800'5c6d    0x8  Code  Lc  chmempools.o [1]
port_lock                0x800'61dd    0x8  Code  Lc  chmtx.o [1]
port_lock                0x800'5a55    0x8  Code  Lc  chregistry.o [1]
port_lock                0x800'4ae9    0x8  Code  Lc  chschd.o [1]
port_lock                0x800'45fd    0x8  Code  Lc  chstats.o [1]
port_lock                0x800'489b    0x8  Code  Lc  chsys.o [1]
port_lock                0x800'339d    0x8  Code  Lc  chthreads.o [1]
port_lock                0x800'2959    0x8  Code  Lc  hal_can.o [1]
port_lock                0x800'4e05    0x8  Code  Lc  hal_can_lld.o [1]
port_lock                0x800'3925    0x8  Code  Lc  hal_ext.o [1]
port_lock                0x800'5779    0x8  Code  Lc  hal_i2c.o [1]
port_lock                0x800'73b1    0x8  Code  Lc  hal_i2c_lld.o [1]
port_lock                0x800'3e8d    0x8  Code  Lc  hal_queues.o [1]
port_lock                0x800'86a1    0x8  Code  Lc  hal_sdc.o [1]
port_lock                0x800'8e71    0x8  Code  Lc  hal_sdc_lld.o [1]
port_lock                0x800'39d9    0x8  Code  Lc  hal_serial.o [1]
port_lock                0x800'5e41    0x8  Code  Lc  hal_serial_lld.o [1]
port_lock                0x800'3bdd    0x8  Code  Lc  hal_spi.o [1]
port_lock                0x800'6411    0x8  Code  Lc  hal_spi_lld.o [1]
port_lock                0x800'859d    0x8  Code  Lc  hal_st_lld.o [1]
port_lock                0x800'9731    0x8  Code  Lc  shell.o [1]
port_lock                0x800'9ab5    0x8  Code  Lc  shell_cmd.o [1]
port_lock_from_isr       0x800'72cd    0x8  Code  Lc  chcore_v7m.o [1]
port_lock_from_isr       0x800'46bd    0x8  Code  Lc  chdebug.o [1]
port_lock_from_isr       0x800'4af9    0x8  Code  Lc  chschd.o [1]
port_lock_from_isr       0x800'460d    0x8  Code  Lc  chstats.o [1]
port_lock_from_isr       0x800'48ab    0x8  Code  Lc  chsys.o [1]
port_lock_from_isr       0x800'4e15    0x8  Code  Lc  hal_can_lld.o [1]
port_lock_from_isr       0x800'73c1    0x8  Code  Lc  hal_i2c_lld.o [1]
port_lock_from_isr       0x800'8e81    0x8  Code  Lc  hal_sdc_lld.o [1]
port_lock_from_isr       0x800'5e51    0x8  Code  Lc  hal_serial_lld.o [1]
port_lock_from_isr       0x800'6421    0x8  Code  Lc  hal_spi_lld.o [1]
port_lock_from_isr       0x800'85ad    0x8  Code  Lc  hal_st_lld.o [1]
port_rt_get_counter_value
                         0x800'5989    0x6  Code  Lc  chtm.o [1]
port_timer_get_time      0x800'48e5    0x8  Code  Lc  chsys.o [1]
port_timer_get_time      0x800'6fcf    0x8  Code  Lc  chvt.o [1]
port_timer_get_time      0x800'73d9    0x8  Code  Lc  hal_i2c_lld.o [1]
port_timer_get_time      0x800'3ea5    0x8  Code  Lc  hal_queues.o [1]
port_timer_get_time      0x800'9acb    0x8  Code  Lc  shell_cmd.o [1]
port_timer_set_alarm     0x800'48d9    0xc  Code  Lc  chsys.o [1]
port_timer_set_alarm     0x800'6fc3    0xc  Code  Lc  chvt.o [1]
port_timer_start_alarm   0x800'6faf    0xc  Code  Lc  chvt.o [1]
port_timer_stop_alarm    0x800'48d1    0x8  Code  Lc  chsys.o [1]
port_timer_stop_alarm    0x800'6fbb    0x8  Code  Lc  chvt.o [1]
port_unlock              0x800'72c5    0x8  Code  Lc  chcore_v7m.o [1]
port_unlock              0x800'46b5    0x8  Code  Lc  chdebug.o [1]
port_unlock              0x800'27f5    0x8  Code  Lc  chevents.o [1]
port_unlock              0x800'7195    0x8  Code  Lc  chmemcore.o [1]
port_unlock              0x800'5c75    0x8  Code  Lc  chmempools.o [1]
port_unlock              0x800'61e5    0x8  Code  Lc  chmtx.o [1]
port_unlock              0x800'5a5d    0x8  Code  Lc  chregistry.o [1]
port_unlock              0x800'4af1    0x8  Code  Lc  chschd.o [1]
port_unlock              0x800'4605    0x8  Code  Lc  chstats.o [1]
port_unlock              0x800'48a3    0x8  Code  Lc  chsys.o [1]
port_unlock              0x800'33a5    0x8  Code  Lc  chthreads.o [1]
port_unlock              0x800'2961    0x8  Code  Lc  hal_can.o [1]
port_unlock              0x800'4e0d    0x8  Code  Lc  hal_can_lld.o [1]
port_unlock              0x800'392d    0x8  Code  Lc  hal_ext.o [1]
port_unlock              0x800'5781    0x8  Code  Lc  hal_i2c.o [1]
port_unlock              0x800'73b9    0x8  Code  Lc  hal_i2c_lld.o [1]
port_unlock              0x800'3e95    0x8  Code  Lc  hal_queues.o [1]
port_unlock              0x800'86a9    0x8  Code  Lc  hal_sdc.o [1]
port_unlock              0x800'8e79    0x8  Code  Lc  hal_sdc_lld.o [1]
port_unlock              0x800'39e1    0x8  Code  Lc  hal_serial.o [1]
port_unlock              0x800'5e49    0x8  Code  Lc  hal_serial_lld.o [1]
port_unlock              0x800'3be5    0x8  Code  Lc  hal_spi.o [1]
port_unlock              0x800'6419    0x8  Code  Lc  hal_spi_lld.o [1]
port_unlock              0x800'85a5    0x8  Code  Lc  hal_st_lld.o [1]
port_unlock              0x800'9abd    0x8  Code  Lc  shell_cmd.o [1]
port_unlock_from_isr     0x800'72d5    0x8  Code  Lc  chcore_v7m.o [1]
port_unlock_from_isr     0x800'46c5    0x8  Code  Lc  chdebug.o [1]
port_unlock_from_isr     0x800'4b01    0x8  Code  Lc  chschd.o [1]
port_unlock_from_isr     0x800'4615    0x8  Code  Lc  chstats.o [1]
port_unlock_from_isr     0x800'48b3    0x8  Code  Lc  chsys.o [1]
port_unlock_from_isr     0x800'4e1d    0x8  Code  Lc  hal_can_lld.o [1]
port_unlock_from_isr     0x800'73c9    0x8  Code  Lc  hal_i2c_lld.o [1]
port_unlock_from_isr     0x800'8e89    0x8  Code  Lc  hal_sdc_lld.o [1]
port_unlock_from_isr     0x800'5e59    0x8  Code  Lc  hal_serial_lld.o [1]
port_unlock_from_isr     0x800'6429    0x8  Code  Lc  hal_spi_lld.o [1]
port_unlock_from_isr     0x800'85b5    0x8  Code  Lc  hal_st_lld.o [1]
port_wait_for_interrupt
                         0x800'48c9    0x2  Code  Lc  chsys.o [1]
pow10                    0x800'a6f0   0x24  Data  Lc  chprintf.o [1]
queue_dequeue            0x800'6233    0xe  Code  Lc  chmtx.o [1]
queue_dequeue            0x800'4b1d    0xe  Code  Lc  chschd.o [1]
queue_fifo_remove        0x800'6225    0xe  Code  Lc  chmtx.o [1]
queue_fifo_remove        0x800'4b0f    0xe  Code  Lc  chschd.o [1]
queue_fifo_remove        0x800'33ef    0xe  Code  Lc  chthreads.o [1]
queue_init               0x800'61ed    0x6  Code  Lc  chmtx.o [1]
queue_init               0x800'4b09    0x6  Code  Lc  chschd.o [1]
queue_init               0x800'33c1    0x6  Code  Lc  chthreads.o [1]
queue_init               0x800'2969    0x6  Code  Lc  hal_can.o [1]
queue_init               0x800'3ead    0x6  Code  Lc  hal_queues.o [1]
queue_insert             0x800'33e1    0xe  Code  Lc  chthreads.o [1]
queue_notempty           0x800'61f3   0x10  Code  Lc  chmtx.o [1]
queue_notempty           0x800'33c7   0x10  Code  Lc  chthreads.o [1]
queue_prio_insert        0x800'6203   0x22  Code  Lc  chmtx.o [1]
read_adc                 0x800'31af   0x78  Code  Lc  ad5593r.o [1]
rtcConvertDateTimeToStructTm
                         0x800'42cb   0x84  Code  Gb  hal_rtc.o [1]
rtcConvertStructTmToDateTime
                         0x800'434f   0x74  Code  Gb  hal_rtc.o [1]
rtcGetTime               0x800'42ad   0x1e  Code  Gb  hal_rtc.o [1]
rtcGetTime::__func__     0x800'aea4    0xc  Data  Lc  hal_rtc.o [1]
rtcInit                  0x800'4285    0x8  Code  Gb  hal_rtc.o [1]
rtcObjectInit            0x800'428d    0x2  Code  Gb  hal_rtc.o [1]
rtcSetTime               0x800'428f   0x1e  Code  Gb  hal_rtc.o [1]
rtcSetTime::__func__     0x800'ae98    0xc  Data  Lc  hal_rtc.o [1]
rtc_decode_date          0x800'6829   0x50  Code  Lc  hal_rtc_lld.o [1]
rtc_decode_time          0x800'67d5   0x54  Code  Lc  hal_rtc_lld.o [1]
rtc_encode_date          0x800'68f7   0x8a  Code  Lc  hal_rtc_lld.o [1]
rtc_encode_time          0x800'6879   0x7e  Code  Lc  hal_rtc_lld.o [1]
rtc_enter_init           0x800'67a9   0x1a  Code  Lc  hal_rtc_lld.o [1]
rtc_exit_init            0x800'67c3   0x12  Code  Lc  hal_rtc_lld.o [1]
rtc_lld_get_time         0x800'6a1f   0x84  Code  Gb  hal_rtc_lld.o [1]
rtc_lld_init             0x800'6981   0x50  Code  Gb  hal_rtc_lld.o [1]
rtc_lld_set_time         0x800'69d1   0x4e  Code  Gb  hal_rtc_lld.o [1]
scalbln                  0x800'16c1         Code  Gb  ldexp.o [3]
scalblnl                 0x800'16c1         Code  Gb  ldexp.o [3]
scalbn                   0x800'16c1         Code  Gb  ldexp.o [3]
scalbnl                  0x800'16c1         Code  Gb  ldexp.o [3]
scale                    0x800'0887   0x46  Code  Lc  xprintffull_nomb.o [2]
sdIncomingDataI          0x800'3b8b   0x3e  Code  Gb  hal_serial.o [1]
sdIncomingDataI::__func__
                         0x800'ac84   0x10  Data  Lc  hal_serial.o [1]
sdInit                   0x800'3b0f    0x8  Code  Gb  hal_serial.o [1]
sdObjectInit             0x800'3b17   0x3c  Code  Gb  hal_serial.o [1]
sdStart                  0x800'3b53   0x38  Code  Gb  hal_serial.o [1]
sdStart::__func__        0x800'b098    0x8  Data  Lc  hal_serial.o [1]
sd_lld_init              0x800'60c7   0x44  Code  Gb  hal_serial_lld.o [1]
sd_lld_start             0x800'610b   0x7e  Code  Gb  hal_serial_lld.o [1]
sdcConnect               0x800'8b4b  0x182  Code  Gb  hal_sdc.o [1]
sdcConnect::__func__     0x800'aebc    0xc  Data  Lc  hal_sdc.o [1]
sdcDisconnect            0x800'8ccd   0x60  Code  Gb  hal_sdc.o [1]
sdcDisconnect::__func__
                         0x800'ac74   0x10  Data  Lc  hal_sdc.o [1]
sdcGetInfo               0x800'8e03   0x2c  Code  Gb  hal_sdc.o [1]
sdcGetInfo::__func__     0x800'aed4    0xc  Data  Lc  hal_sdc.o [1]
sdcInit                  0x800'8b2b    0x8  Code  Gb  hal_sdc.o [1]
sdcObjectInit            0x800'8b33   0x18  Code  Gb  hal_sdc.o [1]
sdcRead                  0x800'8d2d   0x56  Code  Gb  hal_sdc.o [1]
sdcRead::__func__        0x800'b088    0x8  Data  Lc  hal_sdc.o [1]
sdcSync                  0x800'8dd9   0x2a  Code  Gb  hal_sdc.o [1]
sdcSync::__func__        0x800'b090    0x8  Data  Lc  hal_sdc.o [1]
sdcWrite                 0x800'8d83   0x56  Code  Gb  hal_sdc.o [1]
sdcWrite::__func__       0x800'aec8    0xc  Data  Lc  hal_sdc.o [1]
sdc_cmd6_check_status    0x800'88cb   0x2c  Code  Lc  hal_sdc.o [1]
sdc_cmd6_construct       0x800'887b   0x36  Code  Lc  hal_sdc.o [1]
sdc_cmd6_construct::__func__
                         0x800'aa60   0x14  Data  Lc  hal_sdc.o [1]
sdc_cmd6_extract_info    0x800'88b1   0x1a  Code  Lc  hal_sdc.o [1]
sdc_detect_bus_clk       0x800'88f7   0xa8  Code  Lc  hal_sdc.o [1]
sdc_init                 0x800'87cd   0x7a  Code  Lc  hal_sdc.o [1]
sdc_lld_collect_errors   0x800'90cd   0x42  Code  Lc  hal_sdc_lld.o [1]
sdc_lld_error_cleanup    0x800'910f   0x70  Code  Lc  hal_sdc_lld.o [1]
sdc_lld_init             0x800'91ad   0x1e  Code  Gb  hal_sdc_lld.o [1]
sdc_lld_is_card_inserted
                         0x800'a2d5    0x6  Code  Gb  board.o [1]
sdc_lld_is_write_protected
                         0x800'a2db    0x6  Code  Gb  board.o [1]
sdc_lld_prepare_read     0x800'8fa9   0x5c  Code  Lc  hal_sdc_lld.o [1]
sdc_lld_prepare_read_bytes
                         0x800'8f37   0x72  Code  Lc  hal_sdc_lld.o [1]
sdc_lld_prepare_read_bytes::__func__
                         0x800'a870   0x1c  Data  Lc  hal_sdc_lld.o [1]
sdc_lld_prepare_write    0x800'9005   0x5c  Code  Lc  hal_sdc_lld.o [1]
sdc_lld_read             0x800'9521   0x64  Code  Gb  hal_sdc_lld.o [1]
sdc_lld_read_aligned     0x800'93cd   0xa8  Code  Gb  hal_sdc_lld.o [1]
sdc_lld_read_aligned::__func__
                         0x800'a91c   0x18  Data  Lc  hal_sdc_lld.o [1]
sdc_lld_read_special     0x800'9371   0x5c  Code  Gb  hal_sdc_lld.o [1]
sdc_lld_send_cmd_long_crc
                         0x800'9307   0x6a  Code  Gb  hal_sdc_lld.o [1]
sdc_lld_send_cmd_none    0x800'9247   0x24  Code  Gb  hal_sdc_lld.o [1]
sdc_lld_send_cmd_short   0x800'926b   0x4e  Code  Gb  hal_sdc_lld.o [1]
sdc_lld_send_cmd_short_crc
                         0x800'92b9   0x4e  Code  Gb  hal_sdc_lld.o [1]
sdc_lld_set_bus_mode     0x800'9211   0x36  Code  Gb  hal_sdc_lld.o [1]
sdc_lld_set_data_clk     0x800'91f5    0xe  Code  Gb  hal_sdc_lld.o [1]
sdc_lld_start_clk        0x800'91cb   0x2a  Code  Gb  hal_sdc_lld.o [1]
sdc_lld_stop_clk         0x800'9203    0xe  Code  Gb  hal_sdc_lld.o [1]
sdc_lld_sync             0x800'9625    0x6  Code  Gb  hal_sdc_lld.o [1]
sdc_lld_wait_transaction_end
                         0x800'9061   0x6c  Code  Lc  hal_sdc_lld.o [1]
sdc_lld_write            0x800'9585   0x66  Code  Gb  hal_sdc_lld.o [1]
sdc_lld_write_aligned    0x800'9475   0xac  Code  Gb  hal_sdc_lld.o [1]
sdc_lld_write_aligned::__func__
                         0x800'a934   0x18  Data  Lc  hal_sdc_lld.o [1]
sdc_set_bus_width        0x800'8a0b   0x60  Code  Lc  hal_sdc.o [1]
sdc_vmt                  0x800'a778   0x20  Data  Lc  hal_sdc.o [1]
sec_hand                0x2000'27e4    0x4  Data  Lc  xfail_s.o [2]
serialcfg               0x2000'0688    0xc  Data  Lc  vmu.o [1]
serve_interrupt          0x800'5f47   0xe8  Code  Lc  hal_serial_lld.o [1]
set_error                0x800'5f15   0x32  Code  Lc  hal_serial_lld.o [1]
shellExit                0x800'9937   0x16  Code  Gb  shell.o [1]
shellGetLine             0x800'994d   0xc6  Code  Gb  shell.o [1]
shellThread              0x800'9809  0x12e  Code  Gb  shell.o [1]
shell_cfg                0x800'b1b0    0x8  Data  Lc  vmu.o [1]
shell_local_commands     0x800'a5b4   0x38  Data  Gb  shell_cmd.o [1]
shell_terminated        0x2000'26c0    0x4  Data  Gb  shell.o [1]
shunt_resistor_ohmn     0x2000'0928    0x8  Data  Lc  ntc.o [1]
spiInit                  0x800'3c53    0x8  Code  Gb  hal_spi.o [1]
spiObjectInit            0x800'3c5b   0x1a  Code  Gb  hal_spi.o [1]
spiRead                  0x800'a465   0x16  Code  Gb  peripheral_if.o [1]
spiReceive               0x800'3d09   0x54  Code  Gb  hal_spi.o [1]
spiReceive::__func__     0x800'af1c    0xc  Data  Lc  hal_spi.o [1]
spiSend                  0x800'3cb5   0x54  Code  Gb  hal_spi.o [1]
spiSend::__func__        0x800'b0a0    0x8  Data  Lc  hal_spi.o [1]
spiStart                 0x800'3c75   0x40  Code  Gb  hal_spi.o [1]
spiStart::__func__       0x800'af10    0xc  Data  Lc  hal_spi.o [1]
spiWrite                 0x800'a47b   0x16  Code  Gb  peripheral_if.o [1]
spi_lld_init             0x800'652d   0x46  Code  Gb  hal_spi_lld.o [1]
spi_lld_receive          0x800'66e5   0x64  Code  Gb  hal_spi_lld.o [1]
spi_lld_receive::__func__
                         0x800'acb4   0x10  Data  Lc  hal_spi_lld.o [1]
spi_lld_send             0x800'6681   0x64  Code  Gb  hal_spi_lld.o [1]
spi_lld_send::__func__   0x800'aca4   0x10  Data  Lc  hal_spi_lld.o [1]
spi_lld_serve_rx_interrupt
                         0x800'647d   0x9c  Code  Lc  hal_spi_lld.o [1]
spi_lld_serve_tx_interrupt
                         0x800'6519   0x14  Code  Lc  hal_spi_lld.o [1]
spi_lld_start            0x800'6573  0x10e  Code  Gb  hal_spi_lld.o [1]
spi_lld_start::__func__
                         0x800'ac94   0x10  Data  Lc  hal_spi_lld.o [1]
spicfg                  0x2000'0694   0x10  Data  Lc  vmu.o [1]
sprintf                  0x800'45bd   0x40  Code  Gb  sprintf.o [2]
stInit                   0x800'6f51    0x8  Code  Gb  hal_st.o [1]
stSetAlarm               0x800'6f7b   0x1a  Code  Gb  hal_st.o [1]
stSetAlarm::__func__     0x800'af34    0xc  Data  Lc  hal_st.o [1]
stStartAlarm             0x800'6f59   0x1a  Code  Gb  hal_st.o [1]
stStartAlarm::__func__   0x800'acc4   0x10  Data  Lc  hal_st.o [1]
stStopAlarm              0x800'6f73    0x8  Code  Gb  hal_st.o [1]
st_lld_get_counter       0x800'48cb    0x6  Code  Lc  chsys.o [1]
st_lld_get_counter       0x800'6fa9    0x6  Code  Lc  chvt.o [1]
st_lld_get_counter       0x800'73d1    0x8  Code  Lc  hal_i2c_lld.o [1]
st_lld_get_counter       0x800'3e9d    0x8  Code  Lc  hal_queues.o [1]
st_lld_get_counter       0x800'9ac5    0x6  Code  Lc  shell_cmd.o [1]
st_lld_init              0x800'8621   0x56  Code  Gb  hal_st_lld.o [1]
st_lld_is_alarm_active   0x800'6f45    0xc  Code  Lc  hal_st.o [1]
st_lld_set_alarm         0x800'6f3f    0x6  Code  Lc  hal_st.o [1]
st_lld_start_alarm       0x800'6f25   0x12  Code  Lc  hal_st.o [1]
st_lld_stop_alarm        0x800'6f37    0x8  Code  Lc  hal_st.o [1]
start                    0x800'30df   0xc6  Code  Lc  ad5593r.o [1]
start::__func__          0x800'b018    0x8  Data  Lc  ad5593r.o [1]
stm32_clock_init         0x800'9dfd   0xbe  Code  Gb  hal_lld.o [1]
stop                     0x800'31a5    0xa  Code  Lc  ad5593r.o [1]
strchr                   0x800'104d         Code  Gb  strchr.o [4]
strcmp                   0x800'9aa1         Code  Gb  strcmp.o [4]
strlen                   0x800'10dd         Code  Gb  strlen.o [4]
strncmp                  0x800'3e63   0x28  Code  Gb  strncmp.o [2]
strpbrk                  0x800'9a77   0x22  Code  Gb  strpbrk.o [2]
strspn                   0x800'9a55   0x22  Code  Gb  strspn.o [2]
strtol                   0x800'3e5f    0x4  Code  Gb  iar_Stolx.o [2]
thCanRx                  0x800'1d93   0xf4  Code  Lc  vmu.o [1]
thVMU                    0x800'1e87   0xce  Code  Lc  vmu.o [1]
thdVMU                  0x2000'27d0    0x4  Data  Gb  vmu.o [1]
tm_stop                  0x800'598f   0x3c  Code  Lc  chtm.o [1]
u                       0x2000'2270  0x200  Data  Lc  hal_sdc_lld.o [1]
usart_init               0x800'5ea1   0x74  Code  Lc  hal_serial_lld.o [1]
vmt                      0x800'a798   0x20  Data  Lc  hal_serial.o [1]
vmt                      0x800'acd4   0x10  Data  Lc  memstreams.o [1]
vmt_ad5593r              0x800'ab74   0x10  Data  Lc  ad5593r.o [1]
vmuInit                  0x800'1f59  0x13a  Code  Gb  vmu.o [1]
waCANRX1                0x2000'12b8  0x270  Data  Lc  vmu.o [1]
waCANRX2                0x2000'1528  0x270  Data  Lc  vmu.o [1]
waShell                 0x2000'0948  0x970  Data  Lc  vmu.o [1]
waVMU                   0x2000'17b8  0x970  Data  Lc  vmu.o [1]
wakeup                   0x800'4c6b   0x52  Code  Lc  chschd.o [1]
write_dac                0x800'3227    0x6  Code  Lc  ad5593r.o [1]
wukp_int_handler         0x800'2093    0x2  Code  Gb  vmu.o [1]


[1] = C:\Users\nctur\Documents\Soft&Firmware\VCU\VCU related file\17010_can_controller-master\app\Debug\Obj
[2] = dl7M_tln.a
[3] = m7M_tls.a
[4] = rt7M_tl.a
[5] = shb_l.a

  41 510 bytes of readonly  code memory
   4 214 bytes of readonly  data memory
  15 344 bytes of readwrite data memory

Errors: none
Warnings: none
